Taking exception 11 [Hypervisor Call] on CPU 0
...from EL1 to EL2
...with ESR 0x16/0x5a000000
...handled as PSCI call
Taking exception 11 [Hypervisor Call] on CPU 0
...from EL1 to EL2
...with ESR 0x16/0x5a000000
...handled as PSCI call
Taking exception 5 [IRQ] on CPU 0
...from EL1 to EL1
...with ESR 0x0/0x3c18000
...with SPSR 0x20000305
...with ELR 0xbf193d9c
...to EL1 PC 0xbf800280 PSTATE 0x3c5
Exception return from AArch64 EL1 to AArch64 EL1 PC 0xbf193d9c
Taking exception 5 [IRQ] on CPU 0
...from EL1 to EL1
...with ESR 0x0/0x3c18000
...with SPSR 0x80000305
...with ELR 0xbf7ff69c
...to EL1 PC 0xbf800280 PSTATE 0x3c5
Exception return from AArch64 EL1 to AArch64 EL1 PC 0xbf7ff69c
Taking exception 5 [IRQ] on CPU 0
...from EL1 to EL1
...with ESR 0x0/0x3c18000
...with SPSR 0x80000305
...with ELR 0x479694ac
...to EL1 PC 0xbf800280 PSTATE 0x3c5
Exception return from AArch64 EL1 to AArch64 EL1 PC 0x479694ac
Taking exception 5 [IRQ] on CPU 0
...from EL1 to EL1
...with ESR 0x0/0x3810000
...with SPSR 0x20000305
...with ELR 0xbf817cf0
...to EL1 PC 0xbf800280 PSTATE 0x3c5
Exception return from AArch64 EL1 to AArch64 EL1 PC 0xbf817cf0
Taking exception 5 [IRQ] on CPU 0
...from EL1 to EL1
...with ESR 0x0/0x3010000
...with SPSR 0x80000305
...with ELR 0x479664dc
...to EL1 PC 0xbf800280 PSTATE 0x3c5
Exception return from AArch64 EL1 to AArch64 EL1 PC 0x479664dc
Taking exception 5 [IRQ] on CPU 0
...from EL1 to EL1
...with ESR 0x0/0x3810000
...with SPSR 0x80000305
...with ELR 0xbf7ff69c
...to EL1 PC 0xbf800280 PSTATE 0x3c5
Exception return from AArch64 EL1 to AArch64 EL1 PC 0xbf7ff69c
Taking exception 5 [IRQ] on CPU 0
...from EL1 to EL1
...with ESR 0x0/0x3400000
...with SPSR 0x80000305
...with ELR 0x47959320
...to EL1 PC 0xbf800280 PSTATE 0x3c5
Exception return from AArch64 EL1 to AArch64 EL1 PC 0x47959320
Taking exception 5 [IRQ] on CPU 0
...from EL1 to EL1
...with ESR 0x0/0x3000000
...with SPSR 0xa0000305
...with ELR 0xbf7b21b0
...to EL1 PC 0xbf800280 PSTATE 0x3c5
Exception return from AArch64 EL1 to AArch64 EL1 PC 0xbf7b21b0
Taking exception 5 [IRQ] on CPU 0
...from EL1 to EL1
...with ESR 0x0/0x3810000
...with SPSR 0x80000305
...with ELR 0xbf80b124
...to EL1 PC 0xbf800280 PSTATE 0x3c5
Exception return from AArch64 EL1 to AArch64 EL1 PC 0xbf80b124
Taking exception 5 [IRQ] on CPU 0
...from EL1 to EL1
...with ESR 0x0/0x3800000
...with SPSR 0x80000305
...with ELR 0xbf80b124
...to EL1 PC 0xbf800280 PSTATE 0x3c5
Exception return from AArch64 EL1 to AArch64 EL1 PC 0xbf80b124
Taking exception 5 [IRQ] on CPU 0
...from EL1 to EL1
...with ESR 0x0/0x3800000
...with SPSR 0x80000305
...with ELR 0xbf80b124
...to EL1 PC 0xbf800280 PSTATE 0x3c5
Exception return from AArch64 EL1 to AArch64 EL1 PC 0xbf80b124
Taking exception 5 [IRQ] on CPU 0
...from EL1 to EL1
...with ESR 0x0/0x3810000
...with SPSR 0x80000305
...with ELR 0xbf80b124
...to EL1 PC 0xbf800280 PSTATE 0x3c5
Exception return from AArch64 EL1 to AArch64 EL1 PC 0xbf80b124
Taking exception 5 [IRQ] on CPU 0
...from EL1 to EL1
...with ESR 0x0/0x3800000
...with SPSR 0x80000305
...with ELR 0xbf80b124
...to EL1 PC 0xbf800280 PSTATE 0x3c5
Exception return from AArch64 EL1 to AArch64 EL1 PC 0xbf80b124
Taking exception 5 [IRQ] on CPU 0
...from EL1 to EL1
...with ESR 0x0/0x3800000
...with SPSR 0x80000305
...with ELR 0xbf80b124
...to EL1 PC 0xbf800280 PSTATE 0x3c5
Exception return from AArch64 EL1 to AArch64 EL1 PC 0xbf80b124
Taking exception 5 [IRQ] on CPU 0
...from EL1 to EL1
...with ESR 0x0/0x3810000
...with SPSR 0x80000305
...with ELR 0xbf80b124
...to EL1 PC 0xbf800280 PSTATE 0x3c5
Exception return from AArch64 EL1 to AArch64 EL1 PC 0xbf80b124
Taking exception 5 [IRQ] on CPU 0
...from EL1 to EL1
...with ESR 0x0/0x3800000
...with SPSR 0x80000305
...with ELR 0xbf80b124
...to EL1 PC 0xbf800280 PSTATE 0x3c5
Exception return from AArch64 EL1 to AArch64 EL1 PC 0xbf80b124
Taking exception 5 [IRQ] on CPU 0
...from EL1 to EL1
...with ESR 0x0/0x3810000
...with SPSR 0x80000305
...with ELR 0xbf80b124
...to EL1 PC 0xbf800280 PSTATE 0x3c5
Exception return from AArch64 EL1 to AArch64 EL1 PC 0xbf80b124
Taking exception 5 [IRQ] on CPU 0
...from EL1 to EL1
...with ESR 0x0/0x3800000
...with SPSR 0x80000305
...with ELR 0xbf80b124
...to EL1 PC 0xbf800280 PSTATE 0x3c5
Exception return from AArch64 EL1 to AArch64 EL1 PC 0xbf80b124
Taking exception 5 [IRQ] on CPU 0
...from EL1 to EL1
...with ESR 0x0/0x3810000
...with SPSR 0x80000305
...with ELR 0xbf80b124
...to EL1 PC 0xbf800280 PSTATE 0x3c5
Exception return from AArch64 EL1 to AArch64 EL1 PC 0xbf80b124
Taking exception 5 [IRQ] on CPU 0
...from EL1 to EL1
...with ESR 0x0/0x3810000
...with SPSR 0x80000305
...with ELR 0xbf80b124
...to EL1 PC 0xbf800280 PSTATE 0x3c5
Exception return from AArch64 EL1 to AArch64 EL1 PC 0xbf80b124
Taking exception 5 [IRQ] on CPU 0
...from EL1 to EL1
...with ESR 0x0/0x3810000
...with SPSR 0x80000305
...with ELR 0xbefcac80
...to EL1 PC 0xbf800280 PSTATE 0x3c5
Exception return from AArch64 EL1 to AArch64 EL1 PC 0xbefcac80
Taking exception 5 [IRQ] on CPU 0
...from EL1 to EL1
...with ESR 0x0/0x3810000
...with SPSR 0x80000305
...with ELR 0xbf80b124
...to EL1 PC 0xbf800280 PSTATE 0x3c5
Exception return from AArch64 EL1 to AArch64 EL1 PC 0xbf80b124
Taking exception 5 [IRQ] on CPU 0
...from EL1 to EL1
...with ESR 0x0/0x3800000
...with SPSR 0x80000305
...with ELR 0xbf80b124
...to EL1 PC 0xbf800280 PSTATE 0x3c5
Exception return from AArch64 EL1 to AArch64 EL1 PC 0xbf80b124
Taking exception 5 [IRQ] on CPU 0
...from EL1 to EL1
...with ESR 0x0/0x3800000
...with SPSR 0x80000305
...with ELR 0xbf80b124
...to EL1 PC 0xbf800280 PSTATE 0x3c5
Exception return from AArch64 EL1 to AArch64 EL1 PC 0xbf80b124
Taking exception 5 [IRQ] on CPU 0
...from EL1 to EL1
...with ESR 0x0/0x3800000
...with SPSR 0x80000305
...with ELR 0xbf80b124
...to EL1 PC 0xbf800280 PSTATE 0x3c5
Exception return from AArch64 EL1 to AArch64 EL1 PC 0xbf80b124
Taking exception 5 [IRQ] on CPU 0
...from EL1 to EL1
...with ESR 0x0/0x3800000
...with SPSR 0x80000305
...with ELR 0xbf80b124
...to EL1 PC 0xbf800280 PSTATE 0x3c5
Exception return from AArch64 EL1 to AArch64 EL1 PC 0xbf80b124
Taking exception 5 [IRQ] on CPU 0
...from EL1 to EL1
...with ESR 0x0/0x3800000
...with SPSR 0x80000305
...with ELR 0xbf80b124
...to EL1 PC 0xbf800280 PSTATE 0x3c5
Exception return from AArch64 EL1 to AArch64 EL1 PC 0xbf80b124
Taking exception 5 [IRQ] on CPU 0
...from EL1 to EL1
...with ESR 0x0/0x3800000
...with SPSR 0x80000305
...with ELR 0xbf80b124
...to EL1 PC 0xbf800280 PSTATE 0x3c5
Exception return from AArch64 EL1 to AArch64 EL1 PC 0xbf80b124
Taking exception 5 [IRQ] on CPU 0
...from EL1 to EL1
...with ESR 0x0/0x3800000
...with SPSR 0x80000305
...with ELR 0xbf80b124
...to EL1 PC 0xbf800280 PSTATE 0x3c5
Exception return from AArch64 EL1 to AArch64 EL1 PC 0xbf80b124
Taking exception 5 [IRQ] on CPU 0
...from EL1 to EL1
...with ESR 0x0/0x3800000
...with SPSR 0x80000305
...with ELR 0xbf80b124
...to EL1 PC 0xbf800280 PSTATE 0x3c5
Exception return from AArch64 EL1 to AArch64 EL1 PC 0xbf80b124
Taking exception 5 [IRQ] on CPU 0
...from EL1 to EL1
...with ESR 0x0/0x3800000
...with SPSR 0x80000305
...with ELR 0xbf80b124
...to EL1 PC 0xbf800280 PSTATE 0x3c5
Exception return from AArch64 EL1 to AArch64 EL1 PC 0xbf80b124
Taking exception 5 [IRQ] on CPU 0
...from EL1 to EL1
...with ESR 0x0/0x3800000
...with SPSR 0x80000305
...with ELR 0xbf80b124
...to EL1 PC 0xbf800280 PSTATE 0x3c5
Exception return from AArch64 EL1 to AArch64 EL1 PC 0xbf80b124
Taking exception 5 [IRQ] on CPU 0
...from EL1 to EL1
...with ESR 0x0/0x3810000
...with SPSR 0x80000305
...with ELR 0xbf80b124
...to EL1 PC 0xbf800280 PSTATE 0x3c5
Exception return from AArch64 EL1 to AArch64 EL1 PC 0xbf80b124
Taking exception 5 [IRQ] on CPU 0
...from EL1 to EL1
...with ESR 0x0/0x3800000
...with SPSR 0x80000305
...with ELR 0xbf80b124
...to EL1 PC 0xbf800280 PSTATE 0x3c5
Exception return from AArch64 EL1 to AArch64 EL1 PC 0xbf80b124
Taking exception 5 [IRQ] on CPU 0
...from EL1 to EL1
...with ESR 0x0/0x3800000
...with SPSR 0x80000305
...with ELR 0xbf80b124
...to EL1 PC 0xbf800280 PSTATE 0x3c5
Exception return from AArch64 EL1 to AArch64 EL1 PC 0xbf80b124
Taking exception 5 [IRQ] on CPU 0
...from EL1 to EL1
...with ESR 0x0/0x3800000
...with SPSR 0x80000305
...with ELR 0xbf80b124
...to EL1 PC 0xbf800280 PSTATE 0x3c5
Exception return from AArch64 EL1 to AArch64 EL1 PC 0xbf80b124
Taking exception 5 [IRQ] on CPU 0
...from EL1 to EL1
...with ESR 0x0/0x3800000
...with SPSR 0x80000305
...with ELR 0xbf80b124
...to EL1 PC 0xbf800280 PSTATE 0x3c5
Exception return from AArch64 EL1 to AArch64 EL1 PC 0xbf80b124
Taking exception 5 [IRQ] on CPU 0
...from EL1 to EL1
...with ESR 0x0/0x3800000
...with SPSR 0x80000305
...with ELR 0xbf80b124
...to EL1 PC 0xbf800280 PSTATE 0x3c5
Exception return from AArch64 EL1 to AArch64 EL1 PC 0xbf80b124
Taking exception 5 [IRQ] on CPU 0
...from EL1 to EL1
...with ESR 0x0/0x3810000
...with SPSR 0x80000305
...with ELR 0xbf80b124
...to EL1 PC 0xbf800280 PSTATE 0x3c5
Exception return from AArch64 EL1 to AArch64 EL1 PC 0xbf80b124
Taking exception 5 [IRQ] on CPU 0
...from EL1 to EL1
...with ESR 0x0/0x3000000
...with SPSR 0xa0000305
...with ELR 0x4796949c
...to EL1 PC 0xbf800280 PSTATE 0x3c5
Exception return from AArch64 EL1 to AArch64 EL1 PC 0x4796949c
Taking exception 5 [IRQ] on CPU 0
...from EL1 to EL1
...with ESR 0x0/0x3010000
...with SPSR 0x80000305
...with ELR 0xbf7b250c
...to EL1 PC 0xbf800280 PSTATE 0x3c5
Exception return from AArch64 EL1 to AArch64 EL1 PC 0xbf7b250c
Taking exception 5 [IRQ] on CPU 0
...from EL1 to EL1
...with ESR 0x0/0x3410000
...with SPSR 0x60000305
...with ELR 0x479608e4
...to EL1 PC 0xbf800280 PSTATE 0x3c5
Exception return from AArch64 EL1 to AArch64 EL1 PC 0x479608e4
Taking exception 5 [IRQ] on CPU 0
...from EL1 to EL1
...with ESR 0x0/0x3810000
...with SPSR 0x80000305
...with ELR 0xbf7ff69c
...to EL1 PC 0xbf800280 PSTATE 0x3c5
Exception return from AArch64 EL1 to AArch64 EL1 PC 0xbf7ff69c
Taking exception 5 [IRQ] on CPU 0
...from EL1 to EL1
...with ESR 0x0/0x3410000
...with SPSR 0x80000305
...with ELR 0xbf80b124
...to EL1 PC 0xbf800280 PSTATE 0x3c5
Exception return from AArch64 EL1 to AArch64 EL1 PC 0xbf80b124
Taking exception 5 [IRQ] on CPU 0
...from EL1 to EL1
...with ESR 0x0/0x3010000
...with SPSR 0x20000305
...with ELR 0xbecf1ab8
...to EL1 PC 0xbf800280 PSTATE 0x3c5
Exception return from AArch64 EL1 to AArch64 EL1 PC 0xbecf1ab8
Taking exception 5 [IRQ] on CPU 0
...from EL1 to EL1
...with ESR 0x0/0x3800000
...with SPSR 0x20000305
...with ELR 0xbecf1ab8
...to EL1 PC 0xbf800280 PSTATE 0x3c5
Exception return from AArch64 EL1 to AArch64 EL1 PC 0xbecf1ab8
Taking exception 5 [IRQ] on CPU 0
...from EL1 to EL1
...with ESR 0x0/0x3800000
...with SPSR 0x20000305
...with ELR 0xbecf1ab8
...to EL1 PC 0xbf800280 PSTATE 0x3c5
Exception return from AArch64 EL1 to AArch64 EL1 PC 0xbecf1ab8
Taking exception 5 [IRQ] on CPU 0
...from EL1 to EL1
...with ESR 0x0/0x3800000
...with SPSR 0x20000305
...with ELR 0xbecf1ab8
...to EL1 PC 0xbf800280 PSTATE 0x3c5
Exception return from AArch64 EL1 to AArch64 EL1 PC 0xbecf1ab8
Taking exception 5 [IRQ] on CPU 0
...from EL1 to EL1
...with ESR 0x0/0x3800000
...with SPSR 0x20000305
...with ELR 0xbecf1ab8
...to EL1 PC 0xbf800280 PSTATE 0x3c5
Exception return from AArch64 EL1 to AArch64 EL1 PC 0xbecf1ab8
Taking exception 5 [IRQ] on CPU 0
...from EL1 to EL1
...with ESR 0x0/0x3800000
...with SPSR 0x20000305
...with ELR 0xbecf1ab8
...to EL1 PC 0xbf800280 PSTATE 0x3c5
Exception return from AArch64 EL1 to AArch64 EL1 PC 0xbecf1ab8
Taking exception 5 [IRQ] on CPU 0
...from EL1 to EL1
...with ESR 0x0/0x3800000
...with SPSR 0x20000305
...with ELR 0xbecf1ab8
...to EL1 PC 0xbf800280 PSTATE 0x3c5
Exception return from AArch64 EL1 to AArch64 EL1 PC 0xbecf1ab8
Taking exception 5 [IRQ] on CPU 0
...from EL1 to EL1
...with ESR 0x0/0x3800000
...with SPSR 0x20000305
...with ELR 0xbecf1ab8
...to EL1 PC 0xbf800280 PSTATE 0x3c5
Exception return from AArch64 EL1 to AArch64 EL1 PC 0xbecf1ab8
Taking exception 5 [IRQ] on CPU 0
...from EL1 to EL1
...with ESR 0x0/0x3410000
...with SPSR 0x80000305
...with ELR 0xbf80b124
...to EL1 PC 0xbf800280 PSTATE 0x3c5
Exception return from AArch64 EL1 to AArch64 EL1 PC 0xbf80b124
Taking exception 5 [IRQ] on CPU 0
...from EL1 to EL1
...with ESR 0x0/0x3410000
...with SPSR 0x80000305
...with ELR 0xbf80b124
...to EL1 PC 0xbf800280 PSTATE 0x3c5
Exception return from AArch64 EL1 to AArch64 EL1 PC 0xbf80b124
Taking exception 5 [IRQ] on CPU 0
...from EL1 to EL1
...with ESR 0x0/0x3410000
...with SPSR 0x60000305
...with ELR 0xbed1180c
...to EL1 PC 0xbf800280 PSTATE 0x3c5
Exception return from AArch64 EL1 to AArch64 EL1 PC 0xbed1180c
Taking exception 5 [IRQ] on CPU 0
...from EL1 to EL1
...with ESR 0x0/0x3800000
...with SPSR 0x60000305
...with ELR 0xbf7ffa04
...to EL1 PC 0xbf800280 PSTATE 0x3c5
Exception return from AArch64 EL1 to AArch64 EL1 PC 0xbf7ffa04
Taking exception 5 [IRQ] on CPU 0
...from EL1 to EL1
...with ESR 0x0/0x3800000
...with SPSR 0x60000305
...with ELR 0xbf7ffa04
...to EL1 PC 0xbf800280 PSTATE 0x3c5
Exception return from AArch64 EL1 to AArch64 EL1 PC 0xbf7ffa04
Taking exception 5 [IRQ] on CPU 0
...from EL1 to EL1
...with ESR 0x0/0x3800000
...with SPSR 0x60000305
...with ELR 0xbf7ffa04
...to EL1 PC 0xbf800280 PSTATE 0x3c5
Exception return from AArch64 EL1 to AArch64 EL1 PC 0xbf7ffa04
Taking exception 5 [IRQ] on CPU 0
...from EL1 to EL1
...with ESR 0x0/0x3800000
...with SPSR 0x60000305
...with ELR 0xbf7ffa04
...to EL1 PC 0xbf800280 PSTATE 0x3c5
Exception return from AArch64 EL1 to AArch64 EL1 PC 0xbf7ffa04
Taking exception 5 [IRQ] on CPU 0
...from EL1 to EL1
...with ESR 0x0/0x3800000
...with SPSR 0x60000305
...with ELR 0xbf7ffa04
...to EL1 PC 0xbf800280 PSTATE 0x3c5
Exception return from AArch64 EL1 to AArch64 EL1 PC 0xbf7ffa04
Taking exception 5 [IRQ] on CPU 0
...from EL1 to EL1
...with ESR 0x0/0x3800000
...with SPSR 0x60000305
...with ELR 0xbf7ffa04
...to EL1 PC 0xbf800280 PSTATE 0x3c5
Exception return from AArch64 EL1 to AArch64 EL1 PC 0xbf7ffa04
Taking exception 5 [IRQ] on CPU 0
...from EL1 to EL1
...with ESR 0x0/0x3800000
...with SPSR 0x60000305
...with ELR 0xbf7ffa04
...to EL1 PC 0xbf800280 PSTATE 0x3c5
Exception return from AArch64 EL1 to AArch64 EL1 PC 0xbf7ffa04
Taking exception 5 [IRQ] on CPU 0
...from EL1 to EL1
...with ESR 0x0/0x3800000
...with SPSR 0x60000305
...with ELR 0xbf7ffa04
...to EL1 PC 0xbf800280 PSTATE 0x3c5
Exception return from AArch64 EL1 to AArch64 EL1 PC 0xbf7ffa04
Taking exception 5 [IRQ] on CPU 0
...from EL1 to EL1
...with ESR 0x0/0x3800000
...with SPSR 0x60000305
...with ELR 0xbf7ffa04
...to EL1 PC 0xbf800280 PSTATE 0x3c5
Exception return from AArch64 EL1 to AArch64 EL1 PC 0xbf7ffa04
Taking exception 5 [IRQ] on CPU 0
...from EL1 to EL1
...with ESR 0x0/0x3800000
...with SPSR 0x60000305
...with ELR 0xbf7ffa04
...to EL1 PC 0xbf800280 PSTATE 0x3c5
Exception return from AArch64 EL1 to AArch64 EL1 PC 0xbf7ffa04
Taking exception 5 [IRQ] on CPU 0
...from EL1 to EL1
...with ESR 0x0/0x3800000
...with SPSR 0x60000305
...with ELR 0xbf7ffa04
...to EL1 PC 0xbf800280 PSTATE 0x3c5
Exception return from AArch64 EL1 to AArch64 EL1 PC 0xbf7ffa04
Taking exception 5 [IRQ] on CPU 0
...from EL1 to EL1
...with ESR 0x0/0x3800000
...with SPSR 0x60000305
...with ELR 0xbf7ffa04
...to EL1 PC 0xbf800280 PSTATE 0x3c5
Exception return from AArch64 EL1 to AArch64 EL1 PC 0xbf7ffa04
Taking exception 5 [IRQ] on CPU 0
...from EL1 to EL1
...with ESR 0x0/0x3800000
...with SPSR 0x60000305
...with ELR 0xbf7ffa04
...to EL1 PC 0xbf800280 PSTATE 0x3c5
Exception return from AArch64 EL1 to AArch64 EL1 PC 0xbf7ffa04
Taking exception 5 [IRQ] on CPU 0
...from EL1 to EL1
...with ESR 0x0/0x3800000
...with SPSR 0x60000305
...with ELR 0xbf7ffa04
...to EL1 PC 0xbf800280 PSTATE 0x3c5
Exception return from AArch64 EL1 to AArch64 EL1 PC 0xbf7ffa04
Taking exception 5 [IRQ] on CPU 0
...from EL1 to EL1
...with ESR 0x0/0x3800000
...with SPSR 0x60000305
...with ELR 0xbf7ffa04
...to EL1 PC 0xbf800280 PSTATE 0x3c5
Exception return from AArch64 EL1 to AArch64 EL1 PC 0xbf7ffa04
Taking exception 5 [IRQ] on CPU 0
...from EL1 to EL1
...with ESR 0x0/0x3800000
...with SPSR 0x60000305
...with ELR 0xbf7ffa04
...to EL1 PC 0xbf800280 PSTATE 0x3c5
Exception return from AArch64 EL1 to AArch64 EL1 PC 0xbf7ffa04
Taking exception 5 [IRQ] on CPU 0
...from EL1 to EL1
...with ESR 0x0/0x3800000
...with SPSR 0x60000305
...with ELR 0xbf7ffa04
...to EL1 PC 0xbf800280 PSTATE 0x3c5
Exception return from AArch64 EL1 to AArch64 EL1 PC 0xbf7ffa04
Taking exception 5 [IRQ] on CPU 0
...from EL1 to EL1
...with ESR 0x0/0x3800000
...with SPSR 0x60000305
...with ELR 0xbf7ffa04
...to EL1 PC 0xbf800280 PSTATE 0x3c5
Exception return from AArch64 EL1 to AArch64 EL1 PC 0xbf7ffa04
Taking exception 5 [IRQ] on CPU 0
...from EL1 to EL1
...with ESR 0x0/0x3800000
...with SPSR 0x60000305
...with ELR 0xbf7ffa04
...to EL1 PC 0xbf800280 PSTATE 0x3c5
Exception return from AArch64 EL1 to AArch64 EL1 PC 0xbf7ffa04
Taking exception 5 [IRQ] on CPU 0
...from EL1 to EL1
...with ESR 0x0/0x3800000
...with SPSR 0x60000305
...with ELR 0xbf7ffa04
...to EL1 PC 0xbf800280 PSTATE 0x3c5
Exception return from AArch64 EL1 to AArch64 EL1 PC 0xbf7ffa04
Taking exception 5 [IRQ] on CPU 0
...from EL1 to EL1
...with ESR 0x0/0x3800000
...with SPSR 0x60000305
...with ELR 0xbf7ffa04
...to EL1 PC 0xbf800280 PSTATE 0x3c5
Exception return from AArch64 EL1 to AArch64 EL1 PC 0xbf7ffa04
Taking exception 5 [IRQ] on CPU 0
...from EL1 to EL1
...with ESR 0x0/0x3800000
...with SPSR 0x60000305
...with ELR 0xbf7ffa04
...to EL1 PC 0xbf800280 PSTATE 0x3c5
Exception return from AArch64 EL1 to AArch64 EL1 PC 0xbf7ffa04
Taking exception 5 [IRQ] on CPU 0
...from EL1 to EL1
...with ESR 0x0/0x3800000
...with SPSR 0x60000305
...with ELR 0xbf7ffa04
...to EL1 PC 0xbf800280 PSTATE 0x3c5
Exception return from AArch64 EL1 to AArch64 EL1 PC 0xbf7ffa04
Taking exception 5 [IRQ] on CPU 0
...from EL1 to EL1
...with ESR 0x0/0x3800000
...with SPSR 0x60000305
...with ELR 0xbf7ffa04
...to EL1 PC 0xbf800280 PSTATE 0x3c5
Exception return from AArch64 EL1 to AArch64 EL1 PC 0xbf7ffa04
Taking exception 5 [IRQ] on CPU 0
...from EL1 to EL1
...with ESR 0x0/0x3800000
...with SPSR 0x60000305
...with ELR 0xbf7ffa04
...to EL1 PC 0xbf800280 PSTATE 0x3c5
Exception return from AArch64 EL1 to AArch64 EL1 PC 0xbf7ffa04
Taking exception 5 [IRQ] on CPU 0
...from EL1 to EL1
...with ESR 0x0/0x3800000
...with SPSR 0x60000305
...with ELR 0xbf7ffa04
...to EL1 PC 0xbf800280 PSTATE 0x3c5
Exception return from AArch64 EL1 to AArch64 EL1 PC 0xbf7ffa04
Taking exception 5 [IRQ] on CPU 0
...from EL1 to EL1
...with ESR 0x0/0x3800000
...with SPSR 0x60000305
...with ELR 0xbf7ffa04
...to EL1 PC 0xbf800280 PSTATE 0x3c5
Exception return from AArch64 EL1 to AArch64 EL1 PC 0xbf7ffa04
Taking exception 5 [IRQ] on CPU 0
...from EL1 to EL1
...with ESR 0x0/0x3800000
...with SPSR 0x60000305
...with ELR 0xbf7ffa04
...to EL1 PC 0xbf800280 PSTATE 0x3c5
Exception return from AArch64 EL1 to AArch64 EL1 PC 0xbf7ffa04
Taking exception 5 [IRQ] on CPU 0
...from EL1 to EL1
...with ESR 0x0/0x3800000
...with SPSR 0x60000305
...with ELR 0xbf7ffa04
...to EL1 PC 0xbf800280 PSTATE 0x3c5
Exception return from AArch64 EL1 to AArch64 EL1 PC 0xbf7ffa04
Taking exception 5 [IRQ] on CPU 0
...from EL1 to EL1
...with ESR 0x0/0x3800000
...with SPSR 0x60000305
...with ELR 0xbf7ffa04
...to EL1 PC 0xbf800280 PSTATE 0x3c5
Exception return from AArch64 EL1 to AArch64 EL1 PC 0xbf7ffa04
Taking exception 5 [IRQ] on CPU 0
...from EL1 to EL1
...with ESR 0x0/0x3800000
...with SPSR 0x60000305
...with ELR 0xbf7ffa04
...to EL1 PC 0xbf800280 PSTATE 0x3c5
Exception return from AArch64 EL1 to AArch64 EL1 PC 0xbf7ffa04
Taking exception 5 [IRQ] on CPU 0
...from EL1 to EL1
...with ESR 0x0/0x3800000
...with SPSR 0x60000305
...with ELR 0xbf7ffa04
...to EL1 PC 0xbf800280 PSTATE 0x3c5
Exception return from AArch64 EL1 to AArch64 EL1 PC 0xbf7ffa04
Taking exception 5 [IRQ] on CPU 0
...from EL1 to EL1
...with ESR 0x0/0x3800000
...with SPSR 0x60000305
...with ELR 0xbf7ffa04
...to EL1 PC 0xbf800280 PSTATE 0x3c5
Exception return from AArch64 EL1 to AArch64 EL1 PC 0xbf7ffa04
Taking exception 5 [IRQ] on CPU 0
...from EL1 to EL1
...with ESR 0x0/0x3800000
...with SPSR 0x60000305
...with ELR 0xbf7ffa04
...to EL1 PC 0xbf800280 PSTATE 0x3c5
Exception return from AArch64 EL1 to AArch64 EL1 PC 0xbf7ffa04
Taking exception 5 [IRQ] on CPU 0
...from EL1 to EL1
...with ESR 0x0/0x3800000
...with SPSR 0x60000305
...with ELR 0xbf7ffa04
...to EL1 PC 0xbf800280 PSTATE 0x3c5
Exception return from AArch64 EL1 to AArch64 EL1 PC 0xbf7ffa04
Taking exception 5 [IRQ] on CPU 0
...from EL1 to EL1
...with ESR 0x0/0x3800000
...with SPSR 0x60000305
...with ELR 0xbf7ffa04
...to EL1 PC 0xbf800280 PSTATE 0x3c5
Exception return from AArch64 EL1 to AArch64 EL1 PC 0xbf7ffa04
Taking exception 5 [IRQ] on CPU 0
...from EL1 to EL1
...with ESR 0x0/0x3800000
...with SPSR 0x60000305
...with ELR 0xbf7ffa04
...to EL1 PC 0xbf800280 PSTATE 0x3c5
Exception return from AArch64 EL1 to AArch64 EL1 PC 0xbf7ffa04
Taking exception 5 [IRQ] on CPU 0
...from EL1 to EL1
...with ESR 0x0/0x3800000
...with SPSR 0x60000305
...with ELR 0xbf7ffa04
...to EL1 PC 0xbf800280 PSTATE 0x3c5
Exception return from AArch64 EL1 to AArch64 EL1 PC 0xbf7ffa04
Taking exception 5 [IRQ] on CPU 0
...from EL1 to EL1
...with ESR 0x0/0x3800000
...with SPSR 0x60000305
...with ELR 0xbf7ffa04
...to EL1 PC 0xbf800280 PSTATE 0x3c5
Exception return from AArch64 EL1 to AArch64 EL1 PC 0xbf7ffa04
Taking exception 5 [IRQ] on CPU 0
...from EL1 to EL1
...with ESR 0x0/0x3800000
...with SPSR 0x60000305
...with ELR 0xbf7ffa04
...to EL1 PC 0xbf800280 PSTATE 0x3c5
Exception return from AArch64 EL1 to AArch64 EL1 PC 0xbf7ffa04
Taking exception 5 [IRQ] on CPU 0
...from EL1 to EL1
...with ESR 0x0/0x3800000
...with SPSR 0x60000305
...with ELR 0xbf7ffa04
...to EL1 PC 0xbf800280 PSTATE 0x3c5
Exception return from AArch64 EL1 to AArch64 EL1 PC 0xbf7ffa04
Taking exception 5 [IRQ] on CPU 0
...from EL1 to EL1
...with ESR 0x0/0x3800000
...with SPSR 0x60000305
...with ELR 0xbf7ffa04
...to EL1 PC 0xbf800280 PSTATE 0x3c5
Exception return from AArch64 EL1 to AArch64 EL1 PC 0xbf7ffa04
Taking exception 5 [IRQ] on CPU 0
...from EL1 to EL1
...with ESR 0x0/0x3800000
...with SPSR 0x60000305
...with ELR 0xbf7ffa04
...to EL1 PC 0xbf800280 PSTATE 0x3c5
Exception return from AArch64 EL1 to AArch64 EL1 PC 0xbf7ffa04
Taking exception 5 [IRQ] on CPU 0
...from EL1 to EL1
...with ESR 0x0/0x3800000
...with SPSR 0x60000305
...with ELR 0xbf7ffa04
...to EL1 PC 0xbf800280 PSTATE 0x3c5
Exception return from AArch64 EL1 to AArch64 EL1 PC 0xbf7ffa04
Taking exception 5 [IRQ] on CPU 0
...from EL1 to EL1
...with ESR 0x0/0x3800000
...with SPSR 0x60000305
...with ELR 0xbf7ffa04
...to EL1 PC 0xbf800280 PSTATE 0x3c5
Exception return from AArch64 EL1 to AArch64 EL1 PC 0xbf7ffa04
Taking exception 5 [IRQ] on CPU 0
...from EL1 to EL1
...with ESR 0x0/0x3800000
...with SPSR 0x60000305
...with ELR 0xbf7ffa04
...to EL1 PC 0xbf800280 PSTATE 0x3c5
Exception return from AArch64 EL1 to AArch64 EL1 PC 0xbf7ffa04
Taking exception 5 [IRQ] on CPU 0
...from EL1 to EL1
...with ESR 0x0/0x3800000
...with SPSR 0x60000305
...with ELR 0xbf7ffa04
...to EL1 PC 0xbf800280 PSTATE 0x3c5
Exception return from AArch64 EL1 to AArch64 EL1 PC 0xbf7ffa04
Taking exception 5 [IRQ] on CPU 0
...from EL1 to EL1
...with ESR 0x0/0x3800000
...with SPSR 0x60000305
...with ELR 0xbf7ffa04
...to EL1 PC 0xbf800280 PSTATE 0x3c5
Exception return from AArch64 EL1 to AArch64 EL1 PC 0xbf7ffa04
Taking exception 5 [IRQ] on CPU 0
...from EL1 to EL1
...with ESR 0x0/0x3800000
...with SPSR 0x60000305
...with ELR 0xbf7ffa04
...to EL1 PC 0xbf800280 PSTATE 0x3c5
Exception return from AArch64 EL1 to AArch64 EL1 PC 0xbf7ffa04
Taking exception 5 [IRQ] on CPU 0
...from EL1 to EL1
...with ESR 0x0/0x3800000
...with SPSR 0x60000305
...with ELR 0xbf7ffa04
...to EL1 PC 0xbf800280 PSTATE 0x3c5
Exception return from AArch64 EL1 to AArch64 EL1 PC 0xbf7ffa04
Taking exception 5 [IRQ] on CPU 0
...from EL1 to EL1
...with ESR 0x0/0x3800000
...with SPSR 0x60000305
...with ELR 0xbf7ffa04
...to EL1 PC 0xbf800280 PSTATE 0x3c5
Exception return from AArch64 EL1 to AArch64 EL1 PC 0xbf7ffa04
Taking exception 5 [IRQ] on CPU 0
...from EL1 to EL1
...with ESR 0x0/0x3800000
...with SPSR 0x60000305
...with ELR 0xbf7ffa04
...to EL1 PC 0xbf800280 PSTATE 0x3c5
Exception return from AArch64 EL1 to AArch64 EL1 PC 0xbf7ffa04
Taking exception 5 [IRQ] on CPU 0
...from EL1 to EL1
...with ESR 0x0/0x3800000
...with SPSR 0x60000305
...with ELR 0xbf7ffa04
...to EL1 PC 0xbf800280 PSTATE 0x3c5
Exception return from AArch64 EL1 to AArch64 EL1 PC 0xbf7ffa04
Taking exception 5 [IRQ] on CPU 0
...from EL1 to EL1
...with ESR 0x0/0x3800000
...with SPSR 0x60000305
...with ELR 0xbf7ffa04
...to EL1 PC 0xbf800280 PSTATE 0x3c5
Exception return from AArch64 EL1 to AArch64 EL1 PC 0xbf7ffa04
Taking exception 5 [IRQ] on CPU 0
...from EL1 to EL1
...with ESR 0x0/0x3800000
...with SPSR 0x60000305
...with ELR 0xbf7ffa04
...to EL1 PC 0xbf800280 PSTATE 0x3c5
Exception return from AArch64 EL1 to AArch64 EL1 PC 0xbf7ffa04
Taking exception 5 [IRQ] on CPU 0
...from EL1 to EL1
...with ESR 0x0/0x3800000
...with SPSR 0x60000305
...with ELR 0xbf7ffa04
...to EL1 PC 0xbf800280 PSTATE 0x3c5
Exception return from AArch64 EL1 to AArch64 EL1 PC 0xbf7ffa04
Taking exception 5 [IRQ] on CPU 0
...from EL1 to EL1
...with ESR 0x0/0x3800000
...with SPSR 0x60000305
...with ELR 0xbf7ffa04
...to EL1 PC 0xbf800280 PSTATE 0x3c5
Exception return from AArch64 EL1 to AArch64 EL1 PC 0xbf7ffa04
Taking exception 5 [IRQ] on CPU 0
...from EL1 to EL1
...with ESR 0x0/0x3800000
...with SPSR 0x60000305
...with ELR 0xbf7ffa04
...to EL1 PC 0xbf800280 PSTATE 0x3c5
Exception return from AArch64 EL1 to AArch64 EL1 PC 0xbf7ffa04
Taking exception 5 [IRQ] on CPU 0
...from EL1 to EL1
...with ESR 0x0/0x3800000
...with SPSR 0x60000305
...with ELR 0xbf7ffa04
...to EL1 PC 0xbf800280 PSTATE 0x3c5
Exception return from AArch64 EL1 to AArch64 EL1 PC 0xbf7ffa04
Taking exception 5 [IRQ] on CPU 0
...from EL1 to EL1
...with ESR 0x0/0x3800000
...with SPSR 0x60000305
...with ELR 0xbf7ffa04
...to EL1 PC 0xbf800280 PSTATE 0x3c5
Exception return from AArch64 EL1 to AArch64 EL1 PC 0xbf7ffa04
Taking exception 5 [IRQ] on CPU 0
...from EL1 to EL1
...with ESR 0x0/0x3800000
...with SPSR 0x60000305
...with ELR 0xbf7ffa04
...to EL1 PC 0xbf800280 PSTATE 0x3c5
Exception return from AArch64 EL1 to AArch64 EL1 PC 0xbf7ffa04
Taking exception 5 [IRQ] on CPU 0
...from EL1 to EL1
...with ESR 0x0/0x3800000
...with SPSR 0x60000305
...with ELR 0xbf7ffa04
...to EL1 PC 0xbf800280 PSTATE 0x3c5
Exception return from AArch64 EL1 to AArch64 EL1 PC 0xbf7ffa04
Taking exception 5 [IRQ] on CPU 0
...from EL1 to EL1
...with ESR 0x0/0x3800000
...with SPSR 0x60000305
...with ELR 0xbf7ffa04
...to EL1 PC 0xbf800280 PSTATE 0x3c5
Exception return from AArch64 EL1 to AArch64 EL1 PC 0xbf7ffa04
Taking exception 5 [IRQ] on CPU 0
...from EL1 to EL1
...with ESR 0x0/0x3800000
...with SPSR 0x60000305
...with ELR 0xbf7ffa04
...to EL1 PC 0xbf800280 PSTATE 0x3c5
Exception return from AArch64 EL1 to AArch64 EL1 PC 0xbf7ffa04
Taking exception 5 [IRQ] on CPU 0
...from EL1 to EL1
...with ESR 0x0/0x3800000
...with SPSR 0x60000305
...with ELR 0xbf7ffa04
...to EL1 PC 0xbf800280 PSTATE 0x3c5
Exception return from AArch64 EL1 to AArch64 EL1 PC 0xbf7ffa04
Taking exception 5 [IRQ] on CPU 0
...from EL1 to EL1
...with ESR 0x0/0x3800000
...with SPSR 0x60000305
...with ELR 0xbf7ffa04
...to EL1 PC 0xbf800280 PSTATE 0x3c5
Exception return from AArch64 EL1 to AArch64 EL1 PC 0xbf7ffa04
Taking exception 5 [IRQ] on CPU 0
...from EL1 to EL1
...with ESR 0x0/0x3800000
...with SPSR 0x60000305
...with ELR 0xbf7ffa04
...to EL1 PC 0xbf800280 PSTATE 0x3c5
Exception return from AArch64 EL1 to AArch64 EL1 PC 0xbf7ffa04
Taking exception 5 [IRQ] on CPU 0
...from EL1 to EL1
...with ESR 0x0/0x3800000
...with SPSR 0x60000305
...with ELR 0xbf7ffa04
...to EL1 PC 0xbf800280 PSTATE 0x3c5
Exception return from AArch64 EL1 to AArch64 EL1 PC 0xbf7ffa04
Taking exception 5 [IRQ] on CPU 0
...from EL1 to EL1
...with ESR 0x0/0x3800000
...with SPSR 0x60000305
...with ELR 0xbf7ffa04
...to EL1 PC 0xbf800280 PSTATE 0x3c5
Exception return from AArch64 EL1 to AArch64 EL1 PC 0xbf7ffa04
Taking exception 5 [IRQ] on CPU 0
...from EL1 to EL1
...with ESR 0x0/0x3800000
...with SPSR 0x60000305
...with ELR 0xbf7ffa04
...to EL1 PC 0xbf800280 PSTATE 0x3c5
Exception return from AArch64 EL1 to AArch64 EL1 PC 0xbf7ffa04
Taking exception 5 [IRQ] on CPU 0
...from EL1 to EL1
...with ESR 0x0/0x3800000
...with SPSR 0x60000305
...with ELR 0xbf7ffa04
...to EL1 PC 0xbf800280 PSTATE 0x3c5
Exception return from AArch64 EL1 to AArch64 EL1 PC 0xbf7ffa04
Taking exception 5 [IRQ] on CPU 0
...from EL1 to EL1
...with ESR 0x0/0x3800000
...with SPSR 0x60000305
...with ELR 0xbf7ffa04
...to EL1 PC 0xbf800280 PSTATE 0x3c5
Exception return from AArch64 EL1 to AArch64 EL1 PC 0xbf7ffa04
Taking exception 5 [IRQ] on CPU 0
...from EL1 to EL1
...with ESR 0x0/0x3800000
...with SPSR 0x60000305
...with ELR 0xbf7ffa04
...to EL1 PC 0xbf800280 PSTATE 0x3c5
Exception return from AArch64 EL1 to AArch64 EL1 PC 0xbf7ffa04
Taking exception 5 [IRQ] on CPU 0
...from EL1 to EL1
...with ESR 0x0/0x3800000
...with SPSR 0x60000305
...with ELR 0xbf7ffa04
...to EL1 PC 0xbf800280 PSTATE 0x3c5
Exception return from AArch64 EL1 to AArch64 EL1 PC 0xbf7ffa04
Taking exception 5 [IRQ] on CPU 0
...from EL1 to EL1
...with ESR 0x0/0x3800000
...with SPSR 0x60000305
...with ELR 0xbf7ffa04
...to EL1 PC 0xbf800280 PSTATE 0x3c5
Exception return from AArch64 EL1 to AArch64 EL1 PC 0xbf7ffa04
Taking exception 5 [IRQ] on CPU 0
...from EL1 to EL1
...with ESR 0x0/0x3800000
...with SPSR 0x60000305
...with ELR 0xbf7ffa04
...to EL1 PC 0xbf800280 PSTATE 0x3c5
Exception return from AArch64 EL1 to AArch64 EL1 PC 0xbf7ffa04
Taking exception 5 [IRQ] on CPU 0
...from EL1 to EL1
...with ESR 0x0/0x3800000
...with SPSR 0x60000305
...with ELR 0xbf7ffa04
...to EL1 PC 0xbf800280 PSTATE 0x3c5
Exception return from AArch64 EL1 to AArch64 EL1 PC 0xbf7ffa04
Taking exception 5 [IRQ] on CPU 0
...from EL1 to EL1
...with ESR 0x0/0x3800000
...with SPSR 0x60000305
...with ELR 0xbf7ffa04
...to EL1 PC 0xbf800280 PSTATE 0x3c5
Exception return from AArch64 EL1 to AArch64 EL1 PC 0xbf7ffa04
Taking exception 5 [IRQ] on CPU 0
...from EL1 to EL1
...with ESR 0x0/0x3800000
...with SPSR 0x60000305
...with ELR 0xbf7ffa04
...to EL1 PC 0xbf800280 PSTATE 0x3c5
Exception return from AArch64 EL1 to AArch64 EL1 PC 0xbf7ffa04
Taking exception 5 [IRQ] on CPU 0
...from EL1 to EL1
...with ESR 0x0/0x3800000
...with SPSR 0x60000305
...with ELR 0xbf7ffa04
...to EL1 PC 0xbf800280 PSTATE 0x3c5
Exception return from AArch64 EL1 to AArch64 EL1 PC 0xbf7ffa04
Taking exception 5 [IRQ] on CPU 0
...from EL1 to EL1
...with ESR 0x0/0x3800000
...with SPSR 0x60000305
...with ELR 0xbf7ffa04
...to EL1 PC 0xbf800280 PSTATE 0x3c5
Exception return from AArch64 EL1 to AArch64 EL1 PC 0xbf7ffa04
Taking exception 5 [IRQ] on CPU 0
...from EL1 to EL1
...with ESR 0x0/0x3800000
...with SPSR 0x60000305
...with ELR 0xbf7ffa04
...to EL1 PC 0xbf800280 PSTATE 0x3c5
Exception return from AArch64 EL1 to AArch64 EL1 PC 0xbf7ffa04
Taking exception 5 [IRQ] on CPU 0
...from EL1 to EL1
...with ESR 0x0/0x3800000
...with SPSR 0x60000305
...with ELR 0xbf7ffa04
...to EL1 PC 0xbf800280 PSTATE 0x3c5
Exception return from AArch64 EL1 to AArch64 EL1 PC 0xbf7ffa04
Taking exception 5 [IRQ] on CPU 0
...from EL1 to EL1
...with ESR 0x0/0x3800000
...with SPSR 0x60000305
...with ELR 0xbf7ffa04
...to EL1 PC 0xbf800280 PSTATE 0x3c5
Exception return from AArch64 EL1 to AArch64 EL1 PC 0xbf7ffa04
Taking exception 5 [IRQ] on CPU 0
...from EL1 to EL1
...with ESR 0x0/0x3800000
...with SPSR 0x60000305
...with ELR 0xbf7ffa04
...to EL1 PC 0xbf800280 PSTATE 0x3c5
Exception return from AArch64 EL1 to AArch64 EL1 PC 0xbf7ffa04
Taking exception 5 [IRQ] on CPU 0
...from EL1 to EL1
...with ESR 0x0/0x3800000
...with SPSR 0x60000305
...with ELR 0xbf7ffa04
...to EL1 PC 0xbf800280 PSTATE 0x3c5
Exception return from AArch64 EL1 to AArch64 EL1 PC 0xbf7ffa04
Taking exception 5 [IRQ] on CPU 0
...from EL1 to EL1
...with ESR 0x0/0x3800000
...with SPSR 0x60000305
...with ELR 0xbf7ffa04
...to EL1 PC 0xbf800280 PSTATE 0x3c5
Exception return from AArch64 EL1 to AArch64 EL1 PC 0xbf7ffa04
Taking exception 5 [IRQ] on CPU 0
...from EL1 to EL1
...with ESR 0x0/0x3800000
...with SPSR 0x60000305
...with ELR 0xbf7ffa04
...to EL1 PC 0xbf800280 PSTATE 0x3c5
Exception return from AArch64 EL1 to AArch64 EL1 PC 0xbf7ffa04
Taking exception 5 [IRQ] on CPU 0
...from EL1 to EL1
...with ESR 0x0/0x3800000
...with SPSR 0x60000305
...with ELR 0xbf7ffa04
...to EL1 PC 0xbf800280 PSTATE 0x3c5
Exception return from AArch64 EL1 to AArch64 EL1 PC 0xbf7ffa04
Taking exception 5 [IRQ] on CPU 0
...from EL1 to EL1
...with ESR 0x0/0x3800000
...with SPSR 0x60000305
...with ELR 0xbf7ffa04
...to EL1 PC 0xbf800280 PSTATE 0x3c5
Exception return from AArch64 EL1 to AArch64 EL1 PC 0xbf7ffa04
Taking exception 5 [IRQ] on CPU 0
...from EL1 to EL1
...with ESR 0x0/0x3800000
...with SPSR 0x60000305
...with ELR 0xbf7ffa04
...to EL1 PC 0xbf800280 PSTATE 0x3c5
Exception return from AArch64 EL1 to AArch64 EL1 PC 0xbf7ffa04
Taking exception 5 [IRQ] on CPU 0
...from EL1 to EL1
...with ESR 0x0/0x3800000
...with SPSR 0x60000305
...with ELR 0xbf7ffa04
...to EL1 PC 0xbf800280 PSTATE 0x3c5
Exception return from AArch64 EL1 to AArch64 EL1 PC 0xbf7ffa04
Taking exception 5 [IRQ] on CPU 0
...from EL1 to EL1
...with ESR 0x0/0x3800000
...with SPSR 0x60000305
...with ELR 0xbf7ffa04
...to EL1 PC 0xbf800280 PSTATE 0x3c5
Exception return from AArch64 EL1 to AArch64 EL1 PC 0xbf7ffa04
Taking exception 5 [IRQ] on CPU 0
...from EL1 to EL1
...with ESR 0x0/0x3800000
...with SPSR 0x60000305
...with ELR 0xbf7ffa04
...to EL1 PC 0xbf800280 PSTATE 0x3c5
Exception return from AArch64 EL1 to AArch64 EL1 PC 0xbf7ffa04
Taking exception 5 [IRQ] on CPU 0
...from EL1 to EL1
...with ESR 0x0/0x3800000
...with SPSR 0x60000305
...with ELR 0xbf7ffa04
...to EL1 PC 0xbf800280 PSTATE 0x3c5
Exception return from AArch64 EL1 to AArch64 EL1 PC 0xbf7ffa04
Taking exception 5 [IRQ] on CPU 0
...from EL1 to EL1
...with ESR 0x0/0x3800000
...with SPSR 0x60000305
...with ELR 0xbf7ffa04
...to EL1 PC 0xbf800280 PSTATE 0x3c5
Exception return from AArch64 EL1 to AArch64 EL1 PC 0xbf7ffa04
Taking exception 5 [IRQ] on CPU 0
...from EL1 to EL1
...with ESR 0x0/0x3800000
...with SPSR 0x60000305
...with ELR 0xbf7ffa04
...to EL1 PC 0xbf800280 PSTATE 0x3c5
Exception return from AArch64 EL1 to AArch64 EL1 PC 0xbf7ffa04
Taking exception 5 [IRQ] on CPU 0
...from EL1 to EL1
...with ESR 0x0/0x3800000
...with SPSR 0x60000305
...with ELR 0xbf7ffa04
...to EL1 PC 0xbf800280 PSTATE 0x3c5
Exception return from AArch64 EL1 to AArch64 EL1 PC 0xbf7ffa04
Taking exception 5 [IRQ] on CPU 0
...from EL1 to EL1
...with ESR 0x0/0x3800000
...with SPSR 0x60000305
...with ELR 0xbf7ffa04
...to EL1 PC 0xbf800280 PSTATE 0x3c5
Exception return from AArch64 EL1 to AArch64 EL1 PC 0xbf7ffa04
Taking exception 5 [IRQ] on CPU 0
...from EL1 to EL1
...with ESR 0x0/0x3800000
...with SPSR 0x60000305
...with ELR 0xbf7ffa04
...to EL1 PC 0xbf800280 PSTATE 0x3c5
Exception return from AArch64 EL1 to AArch64 EL1 PC 0xbf7ffa04
Taking exception 5 [IRQ] on CPU 0
...from EL1 to EL1
...with ESR 0x0/0x3800000
...with SPSR 0x60000305
...with ELR 0xbf7ffa04
...to EL1 PC 0xbf800280 PSTATE 0x3c5
Exception return from AArch64 EL1 to AArch64 EL1 PC 0xbf7ffa04
Taking exception 5 [IRQ] on CPU 0
...from EL1 to EL1
...with ESR 0x0/0x3800000
...with SPSR 0x60000305
...with ELR 0xbf7ffa04
...to EL1 PC 0xbf800280 PSTATE 0x3c5
Exception return from AArch64 EL1 to AArch64 EL1 PC 0xbf7ffa04
Taking exception 5 [IRQ] on CPU 0
...from EL1 to EL1
...with ESR 0x0/0x3800000
...with SPSR 0x60000305
...with ELR 0xbf7ffa04
...to EL1 PC 0xbf800280 PSTATE 0x3c5
Exception return from AArch64 EL1 to AArch64 EL1 PC 0xbf7ffa04
Taking exception 5 [IRQ] on CPU 0
...from EL1 to EL1
...with ESR 0x0/0x3800000
...with SPSR 0x60000305
...with ELR 0xbf7ffa04
...to EL1 PC 0xbf800280 PSTATE 0x3c5
Exception return from AArch64 EL1 to AArch64 EL1 PC 0xbf7ffa04
Taking exception 5 [IRQ] on CPU 0
...from EL1 to EL1
...with ESR 0x0/0x3800000
...with SPSR 0x60000305
...with ELR 0xbf7ffa04
...to EL1 PC 0xbf800280 PSTATE 0x3c5
Exception return from AArch64 EL1 to AArch64 EL1 PC 0xbf7ffa04
Taking exception 5 [IRQ] on CPU 0
...from EL1 to EL1
...with ESR 0x0/0x3800000
...with SPSR 0x60000305
...with ELR 0xbf7ffa04
...to EL1 PC 0xbf800280 PSTATE 0x3c5
Exception return from AArch64 EL1 to AArch64 EL1 PC 0xbf7ffa04
Taking exception 5 [IRQ] on CPU 0
...from EL1 to EL1
...with ESR 0x0/0x3800000
...with SPSR 0x60000305
...with ELR 0xbf7ffa04
...to EL1 PC 0xbf800280 PSTATE 0x3c5
Exception return from AArch64 EL1 to AArch64 EL1 PC 0xbf7ffa04
Taking exception 5 [IRQ] on CPU 0
...from EL1 to EL1
...with ESR 0x0/0x3800000
...with SPSR 0x60000305
...with ELR 0xbf7ffa04
...to EL1 PC 0xbf800280 PSTATE 0x3c5
Exception return from AArch64 EL1 to AArch64 EL1 PC 0xbf7ffa04
Taking exception 5 [IRQ] on CPU 0
...from EL1 to EL1
...with ESR 0x0/0x3800000
...with SPSR 0x60000305
...with ELR 0xbf7ffa04
...to EL1 PC 0xbf800280 PSTATE 0x3c5
Exception return from AArch64 EL1 to AArch64 EL1 PC 0xbf7ffa04
Taking exception 5 [IRQ] on CPU 0
...from EL1 to EL1
...with ESR 0x0/0x3800000
...with SPSR 0x60000305
...with ELR 0xbf7ffa04
...to EL1 PC 0xbf800280 PSTATE 0x3c5
Exception return from AArch64 EL1 to AArch64 EL1 PC 0xbf7ffa04
Taking exception 5 [IRQ] on CPU 0
...from EL1 to EL1
...with ESR 0x0/0x3800000
...with SPSR 0x60000305
...with ELR 0xbf7ffa04
...to EL1 PC 0xbf800280 PSTATE 0x3c5
Exception return from AArch64 EL1 to AArch64 EL1 PC 0xbf7ffa04
Taking exception 5 [IRQ] on CPU 0
...from EL1 to EL1
...with ESR 0x0/0x3800000
...with SPSR 0x60000305
...with ELR 0xbf7ffa04
...to EL1 PC 0xbf800280 PSTATE 0x3c5
Exception return from AArch64 EL1 to AArch64 EL1 PC 0xbf7ffa04
Taking exception 5 [IRQ] on CPU 0
...from EL1 to EL1
...with ESR 0x0/0x3800000
...with SPSR 0x60000305
...with ELR 0xbf7ffa04
...to EL1 PC 0xbf800280 PSTATE 0x3c5
Exception return from AArch64 EL1 to AArch64 EL1 PC 0xbf7ffa04
Taking exception 5 [IRQ] on CPU 0
...from EL1 to EL1
...with ESR 0x0/0x3800000
...with SPSR 0x60000305
...with ELR 0xbf7ffa04
...to EL1 PC 0xbf800280 PSTATE 0x3c5
Exception return from AArch64 EL1 to AArch64 EL1 PC 0xbf7ffa04
Taking exception 5 [IRQ] on CPU 0
...from EL1 to EL1
...with ESR 0x0/0x3800000
...with SPSR 0x60000305
...with ELR 0xbf7ffa04
...to EL1 PC 0xbf800280 PSTATE 0x3c5
Exception return from AArch64 EL1 to AArch64 EL1 PC 0xbf7ffa04
Taking exception 5 [IRQ] on CPU 0
...from EL1 to EL1
...with ESR 0x0/0x3800000
...with SPSR 0x60000305
...with ELR 0xbf7ffa04
...to EL1 PC 0xbf800280 PSTATE 0x3c5
Exception return from AArch64 EL1 to AArch64 EL1 PC 0xbf7ffa04
Taking exception 5 [IRQ] on CPU 0
...from EL1 to EL1
...with ESR 0x0/0x3800000
...with SPSR 0x60000305
...with ELR 0xbf7ffa04
...to EL1 PC 0xbf800280 PSTATE 0x3c5
Exception return from AArch64 EL1 to AArch64 EL1 PC 0xbf7ffa04
Taking exception 5 [IRQ] on CPU 0
...from EL1 to EL1
...with ESR 0x0/0x3800000
...with SPSR 0x60000305
...with ELR 0xbf7ffa04
...to EL1 PC 0xbf800280 PSTATE 0x3c5
Exception return from AArch64 EL1 to AArch64 EL1 PC 0xbf7ffa04
Taking exception 5 [IRQ] on CPU 0
...from EL1 to EL1
...with ESR 0x0/0x3800000
...with SPSR 0x60000305
...with ELR 0xbf7ffa04
...to EL1 PC 0xbf800280 PSTATE 0x3c5
Exception return from AArch64 EL1 to AArch64 EL1 PC 0xbf7ffa04
Taking exception 5 [IRQ] on CPU 0
...from EL1 to EL1
...with ESR 0x0/0x3800000
...with SPSR 0x60000305
...with ELR 0xbf7ffa04
...to EL1 PC 0xbf800280 PSTATE 0x3c5
Exception return from AArch64 EL1 to AArch64 EL1 PC 0xbf7ffa04
Taking exception 5 [IRQ] on CPU 0
...from EL1 to EL1
...with ESR 0x0/0x3800000
...with SPSR 0x60000305
...with ELR 0xbf7ffa04
...to EL1 PC 0xbf800280 PSTATE 0x3c5
Exception return from AArch64 EL1 to AArch64 EL1 PC 0xbf7ffa04
Taking exception 5 [IRQ] on CPU 0
...from EL1 to EL1
...with ESR 0x0/0x3800000
...with SPSR 0x60000305
...with ELR 0xbf7ffa04
...to EL1 PC 0xbf800280 PSTATE 0x3c5
Exception return from AArch64 EL1 to AArch64 EL1 PC 0xbf7ffa04
Taking exception 5 [IRQ] on CPU 0
...from EL1 to EL1
...with ESR 0x0/0x3800000
...with SPSR 0x60000305
...with ELR 0xbf7ffa04
...to EL1 PC 0xbf800280 PSTATE 0x3c5
Exception return from AArch64 EL1 to AArch64 EL1 PC 0xbf7ffa04
Taking exception 5 [IRQ] on CPU 0
...from EL1 to EL1
...with ESR 0x0/0x3800000
...with SPSR 0x60000305
...with ELR 0xbf7ffa04
...to EL1 PC 0xbf800280 PSTATE 0x3c5
Exception return from AArch64 EL1 to AArch64 EL1 PC 0xbf7ffa04
Taking exception 5 [IRQ] on CPU 0
...from EL1 to EL1
...with ESR 0x0/0x3800000
...with SPSR 0x60000305
...with ELR 0xbf7ffa04
...to EL1 PC 0xbf800280 PSTATE 0x3c5
Exception return from AArch64 EL1 to AArch64 EL1 PC 0xbf7ffa04
Taking exception 5 [IRQ] on CPU 0
...from EL1 to EL1
...with ESR 0x0/0x3800000
...with SPSR 0x60000305
...with ELR 0xbf7ffa04
...to EL1 PC 0xbf800280 PSTATE 0x3c5
Exception return from AArch64 EL1 to AArch64 EL1 PC 0xbf7ffa04
Taking exception 5 [IRQ] on CPU 0
...from EL1 to EL1
...with ESR 0x0/0x3800000
...with SPSR 0x60000305
...with ELR 0xbf7ffa04
...to EL1 PC 0xbf800280 PSTATE 0x3c5
Exception return from AArch64 EL1 to AArch64 EL1 PC 0xbf7ffa04
Taking exception 5 [IRQ] on CPU 0
...from EL1 to EL1
...with ESR 0x0/0x3800000
...with SPSR 0x60000305
...with ELR 0xbf7ffa04
...to EL1 PC 0xbf800280 PSTATE 0x3c5
Exception return from AArch64 EL1 to AArch64 EL1 PC 0xbf7ffa04
Taking exception 5 [IRQ] on CPU 0
...from EL1 to EL1
...with ESR 0x0/0x3800000
...with SPSR 0x60000305
...with ELR 0xbf7ffa04
...to EL1 PC 0xbf800280 PSTATE 0x3c5
Exception return from AArch64 EL1 to AArch64 EL1 PC 0xbf7ffa04
Taking exception 5 [IRQ] on CPU 0
...from EL1 to EL1
...with ESR 0x0/0x3800000
...with SPSR 0x60000305
...with ELR 0xbf7ffa04
...to EL1 PC 0xbf800280 PSTATE 0x3c5
Exception return from AArch64 EL1 to AArch64 EL1 PC 0xbf7ffa04
Taking exception 5 [IRQ] on CPU 0
...from EL1 to EL1
...with ESR 0x0/0x3800000
...with SPSR 0x60000305
...with ELR 0xbf7ffa04
...to EL1 PC 0xbf800280 PSTATE 0x3c5
Exception return from AArch64 EL1 to AArch64 EL1 PC 0xbf7ffa04
Taking exception 5 [IRQ] on CPU 0
...from EL1 to EL1
...with ESR 0x0/0x3800000
...with SPSR 0x60000305
...with ELR 0xbf7ffa04
...to EL1 PC 0xbf800280 PSTATE 0x3c5
Exception return from AArch64 EL1 to AArch64 EL1 PC 0xbf7ffa04
Taking exception 5 [IRQ] on CPU 0
...from EL1 to EL1
...with ESR 0x0/0x3800000
...with SPSR 0x60000305
...with ELR 0xbf7ffa04
...to EL1 PC 0xbf800280 PSTATE 0x3c5
Exception return from AArch64 EL1 to AArch64 EL1 PC 0xbf7ffa04
Taking exception 5 [IRQ] on CPU 0
...from EL1 to EL1
...with ESR 0x0/0x3800000
...with SPSR 0x60000305
...with ELR 0xbf7ffa04
...to EL1 PC 0xbf800280 PSTATE 0x3c5
Exception return from AArch64 EL1 to AArch64 EL1 PC 0xbf7ffa04
Taking exception 5 [IRQ] on CPU 0
...from EL1 to EL1
...with ESR 0x0/0x3800000
...with SPSR 0x60000305
...with ELR 0xbf7ffa04
...to EL1 PC 0xbf800280 PSTATE 0x3c5
Exception return from AArch64 EL1 to AArch64 EL1 PC 0xbf7ffa04
Taking exception 5 [IRQ] on CPU 0
...from EL1 to EL1
...with ESR 0x0/0x3800000
...with SPSR 0x60000305
...with ELR 0xbf7ffa04
...to EL1 PC 0xbf800280 PSTATE 0x3c5
Exception return from AArch64 EL1 to AArch64 EL1 PC 0xbf7ffa04
Taking exception 5 [IRQ] on CPU 0
...from EL1 to EL1
...with ESR 0x0/0x3800000
...with SPSR 0x60000305
...with ELR 0xbf7ffa04
...to EL1 PC 0xbf800280 PSTATE 0x3c5
Exception return from AArch64 EL1 to AArch64 EL1 PC 0xbf7ffa04
Taking exception 5 [IRQ] on CPU 0
...from EL1 to EL1
...with ESR 0x0/0x3800000
...with SPSR 0x60000305
...with ELR 0xbf7ffa04
...to EL1 PC 0xbf800280 PSTATE 0x3c5
Exception return from AArch64 EL1 to AArch64 EL1 PC 0xbf7ffa04
Taking exception 5 [IRQ] on CPU 0
...from EL1 to EL1
...with ESR 0x0/0x3800000
...with SPSR 0x60000305
...with ELR 0xbf7ffa04
...to EL1 PC 0xbf800280 PSTATE 0x3c5
Exception return from AArch64 EL1 to AArch64 EL1 PC 0xbf7ffa04
Taking exception 5 [IRQ] on CPU 0
...from EL1 to EL1
...with ESR 0x0/0x3800000
...with SPSR 0x60000305
...with ELR 0xbf7ffa04
...to EL1 PC 0xbf800280 PSTATE 0x3c5
Exception return from AArch64 EL1 to AArch64 EL1 PC 0xbf7ffa04
Taking exception 5 [IRQ] on CPU 0
...from EL1 to EL1
...with ESR 0x0/0x3800000
...with SPSR 0x60000305
...with ELR 0xbf7ffa04
...to EL1 PC 0xbf800280 PSTATE 0x3c5
Exception return from AArch64 EL1 to AArch64 EL1 PC 0xbf7ffa04
Taking exception 5 [IRQ] on CPU 0
...from EL1 to EL1
...with ESR 0x0/0x3800000
...with SPSR 0x60000305
...with ELR 0xbf7ffa04
...to EL1 PC 0xbf800280 PSTATE 0x3c5
Exception return from AArch64 EL1 to AArch64 EL1 PC 0xbf7ffa04
Taking exception 5 [IRQ] on CPU 0
...from EL1 to EL1
...with ESR 0x0/0x3800000
...with SPSR 0x60000305
...with ELR 0xbf7ffa04
...to EL1 PC 0xbf800280 PSTATE 0x3c5
Exception return from AArch64 EL1 to AArch64 EL1 PC 0xbf7ffa04
Taking exception 5 [IRQ] on CPU 0
...from EL1 to EL1
...with ESR 0x0/0x3800000
...with SPSR 0x60000305
...with ELR 0xbf7ffa04
...to EL1 PC 0xbf800280 PSTATE 0x3c5
Exception return from AArch64 EL1 to AArch64 EL1 PC 0xbf7ffa04
Taking exception 5 [IRQ] on CPU 0
...from EL1 to EL1
...with ESR 0x0/0x3800000
...with SPSR 0x60000305
...with ELR 0xbf7ffa04
...to EL1 PC 0xbf800280 PSTATE 0x3c5
Exception return from AArch64 EL1 to AArch64 EL1 PC 0xbf7ffa04
Taking exception 5 [IRQ] on CPU 0
...from EL1 to EL1
...with ESR 0x0/0x3800000
...with SPSR 0x60000305
...with ELR 0xbf7ffa04
...to EL1 PC 0xbf800280 PSTATE 0x3c5
Exception return from AArch64 EL1 to AArch64 EL1 PC 0xbf7ffa04
Taking exception 5 [IRQ] on CPU 0
...from EL1 to EL1
...with ESR 0x0/0x3800000
...with SPSR 0x60000305
...with ELR 0xbf7ffa04
...to EL1 PC 0xbf800280 PSTATE 0x3c5
Exception return from AArch64 EL1 to AArch64 EL1 PC 0xbf7ffa04
Taking exception 5 [IRQ] on CPU 0
...from EL1 to EL1
...with ESR 0x0/0x3800000
...with SPSR 0x60000305
...with ELR 0xbf7ffa04
...to EL1 PC 0xbf800280 PSTATE 0x3c5
Exception return from AArch64 EL1 to AArch64 EL1 PC 0xbf7ffa04
Taking exception 5 [IRQ] on CPU 0
...from EL1 to EL1
...with ESR 0x0/0x3800000
...with SPSR 0x60000305
...with ELR 0xbf7ffa04
...to EL1 PC 0xbf800280 PSTATE 0x3c5
Exception return from AArch64 EL1 to AArch64 EL1 PC 0xbf7ffa04
Taking exception 5 [IRQ] on CPU 0
...from EL1 to EL1
...with ESR 0x0/0x3800000
...with SPSR 0x60000305
...with ELR 0xbf7ffa04
...to EL1 PC 0xbf800280 PSTATE 0x3c5
Exception return from AArch64 EL1 to AArch64 EL1 PC 0xbf7ffa04
Taking exception 5 [IRQ] on CPU 0
...from EL1 to EL1
...with ESR 0x0/0x3800000
...with SPSR 0x60000305
...with ELR 0xbf7ffa04
...to EL1 PC 0xbf800280 PSTATE 0x3c5
Exception return from AArch64 EL1 to AArch64 EL1 PC 0xbf7ffa04
Taking exception 5 [IRQ] on CPU 0
...from EL1 to EL1
...with ESR 0x0/0x3800000
...with SPSR 0x60000305
...with ELR 0xbf7ffa04
...to EL1 PC 0xbf800280 PSTATE 0x3c5
Exception return from AArch64 EL1 to AArch64 EL1 PC 0xbf7ffa04
Taking exception 5 [IRQ] on CPU 0
...from EL1 to EL1
...with ESR 0x0/0x3800000
...with SPSR 0x60000305
...with ELR 0xbf7ffa04
...to EL1 PC 0xbf800280 PSTATE 0x3c5
Exception return from AArch64 EL1 to AArch64 EL1 PC 0xbf7ffa04
Taking exception 5 [IRQ] on CPU 0
...from EL1 to EL1
...with ESR 0x0/0x3800000
...with SPSR 0x60000305
...with ELR 0xbf7ffa04
...to EL1 PC 0xbf800280 PSTATE 0x3c5
Exception return from AArch64 EL1 to AArch64 EL1 PC 0xbf7ffa04
Taking exception 5 [IRQ] on CPU 0
...from EL1 to EL1
...with ESR 0x0/0x3800000
...with SPSR 0x60000305
...with ELR 0xbf7ffa04
...to EL1 PC 0xbf800280 PSTATE 0x3c5
Exception return from AArch64 EL1 to AArch64 EL1 PC 0xbf7ffa04
Taking exception 5 [IRQ] on CPU 0
...from EL1 to EL1
...with ESR 0x0/0x3800000
...with SPSR 0x60000305
...with ELR 0xbf7ffa04
...to EL1 PC 0xbf800280 PSTATE 0x3c5
Exception return from AArch64 EL1 to AArch64 EL1 PC 0xbf7ffa04
Taking exception 5 [IRQ] on CPU 0
...from EL1 to EL1
...with ESR 0x0/0x3800000
...with SPSR 0x60000305
...with ELR 0xbf7ffa04
...to EL1 PC 0xbf800280 PSTATE 0x3c5
Exception return from AArch64 EL1 to AArch64 EL1 PC 0xbf7ffa04
Taking exception 5 [IRQ] on CPU 0
...from EL1 to EL1
...with ESR 0x0/0x3800000
...with SPSR 0x60000305
...with ELR 0xbf7ffa04
...to EL1 PC 0xbf800280 PSTATE 0x3c5
Exception return from AArch64 EL1 to AArch64 EL1 PC 0xbf7ffa04
Taking exception 5 [IRQ] on CPU 0
...from EL1 to EL1
...with ESR 0x0/0x3800000
...with SPSR 0x60000305
...with ELR 0xbf7ffa04
...to EL1 PC 0xbf800280 PSTATE 0x3c5
Exception return from AArch64 EL1 to AArch64 EL1 PC 0xbf7ffa04
Taking exception 5 [IRQ] on CPU 0
...from EL1 to EL1
...with ESR 0x0/0x3800000
...with SPSR 0x60000305
...with ELR 0xbf7ffa04
...to EL1 PC 0xbf800280 PSTATE 0x3c5
Exception return from AArch64 EL1 to AArch64 EL1 PC 0xbf7ffa04
Taking exception 5 [IRQ] on CPU 0
...from EL1 to EL1
...with ESR 0x0/0x3800000
...with SPSR 0x60000305
...with ELR 0xbf7ffa04
...to EL1 PC 0xbf800280 PSTATE 0x3c5
Exception return from AArch64 EL1 to AArch64 EL1 PC 0xbf7ffa04
Taking exception 5 [IRQ] on CPU 0
...from EL1 to EL1
...with ESR 0x0/0x3800000
...with SPSR 0x60000305
...with ELR 0xbf7ffa04
...to EL1 PC 0xbf800280 PSTATE 0x3c5
Exception return from AArch64 EL1 to AArch64 EL1 PC 0xbf7ffa04
Taking exception 5 [IRQ] on CPU 0
...from EL1 to EL1
...with ESR 0x0/0x3800000
...with SPSR 0x60000305
...with ELR 0xbf7ffa04
...to EL1 PC 0xbf800280 PSTATE 0x3c5
Exception return from AArch64 EL1 to AArch64 EL1 PC 0xbf7ffa04
Taking exception 5 [IRQ] on CPU 0
...from EL1 to EL1
...with ESR 0x0/0x3800000
...with SPSR 0x60000305
...with ELR 0xbf7ffa04
...to EL1 PC 0xbf800280 PSTATE 0x3c5
Exception return from AArch64 EL1 to AArch64 EL1 PC 0xbf7ffa04
Taking exception 5 [IRQ] on CPU 0
...from EL1 to EL1
...with ESR 0x0/0x3800000
...with SPSR 0x60000305
...with ELR 0xbf7ffa04
...to EL1 PC 0xbf800280 PSTATE 0x3c5
Exception return from AArch64 EL1 to AArch64 EL1 PC 0xbf7ffa04
Taking exception 5 [IRQ] on CPU 0
...from EL1 to EL1
...with ESR 0x0/0x3800000
...with SPSR 0x60000305
...with ELR 0xbf7ffa04
...to EL1 PC 0xbf800280 PSTATE 0x3c5
Exception return from AArch64 EL1 to AArch64 EL1 PC 0xbf7ffa04
Taking exception 5 [IRQ] on CPU 0
...from EL1 to EL1
...with ESR 0x0/0x3800000
...with SPSR 0x60000305
...with ELR 0xbf7ffa04
...to EL1 PC 0xbf800280 PSTATE 0x3c5
Exception return from AArch64 EL1 to AArch64 EL1 PC 0xbf7ffa04
Taking exception 5 [IRQ] on CPU 0
...from EL1 to EL1
...with ESR 0x0/0x3800000
...with SPSR 0x60000305
...with ELR 0xbf7ffa04
...to EL1 PC 0xbf800280 PSTATE 0x3c5
Exception return from AArch64 EL1 to AArch64 EL1 PC 0xbf7ffa04
Taking exception 5 [IRQ] on CPU 0
...from EL1 to EL1
...with ESR 0x0/0x3800000
...with SPSR 0x60000305
...with ELR 0xbf7ffa04
...to EL1 PC 0xbf800280 PSTATE 0x3c5
Exception return from AArch64 EL1 to AArch64 EL1 PC 0xbf7ffa04
Taking exception 5 [IRQ] on CPU 0
...from EL1 to EL1
...with ESR 0x0/0x3800000
...with SPSR 0x60000305
...with ELR 0xbf7ffa04
...to EL1 PC 0xbf800280 PSTATE 0x3c5
Exception return from AArch64 EL1 to AArch64 EL1 PC 0xbf7ffa04
Taking exception 5 [IRQ] on CPU 0
...from EL1 to EL1
...with ESR 0x0/0x3800000
...with SPSR 0x60000305
...with ELR 0xbf7ffa04
...to EL1 PC 0xbf800280 PSTATE 0x3c5
Exception return from AArch64 EL1 to AArch64 EL1 PC 0xbf7ffa04
Taking exception 5 [IRQ] on CPU 0
...from EL1 to EL1
...with ESR 0x0/0x3800000
...with SPSR 0x60000305
...with ELR 0xbf7ffa04
...to EL1 PC 0xbf800280 PSTATE 0x3c5
Exception return from AArch64 EL1 to AArch64 EL1 PC 0xbf7ffa04
Taking exception 5 [IRQ] on CPU 0
...from EL1 to EL1
...with ESR 0x0/0x3800000
...with SPSR 0x60000305
...with ELR 0xbf7ffa04
...to EL1 PC 0xbf800280 PSTATE 0x3c5
Exception return from AArch64 EL1 to AArch64 EL1 PC 0xbf7ffa04
Taking exception 5 [IRQ] on CPU 0
...from EL1 to EL1
...with ESR 0x0/0x3800000
...with SPSR 0x60000305
...with ELR 0xbf7ffa04
...to EL1 PC 0xbf800280 PSTATE 0x3c5
Exception return from AArch64 EL1 to AArch64 EL1 PC 0xbf7ffa04
Taking exception 5 [IRQ] on CPU 0
...from EL1 to EL1
...with ESR 0x0/0x3800000
...with SPSR 0x60000305
...with ELR 0xbf7ffa04
...to EL1 PC 0xbf800280 PSTATE 0x3c5
Exception return from AArch64 EL1 to AArch64 EL1 PC 0xbf7ffa04
Taking exception 5 [IRQ] on CPU 0
...from EL1 to EL1
...with ESR 0x0/0x3800000
...with SPSR 0x60000305
...with ELR 0xbf7ffa04
...to EL1 PC 0xbf800280 PSTATE 0x3c5
Exception return from AArch64 EL1 to AArch64 EL1 PC 0xbf7ffa04
Taking exception 5 [IRQ] on CPU 0
...from EL1 to EL1
...with ESR 0x0/0x3800000
...with SPSR 0x60000305
...with ELR 0xbf7ffa04
...to EL1 PC 0xbf800280 PSTATE 0x3c5
Exception return from AArch64 EL1 to AArch64 EL1 PC 0xbf7ffa04
Taking exception 5 [IRQ] on CPU 0
...from EL1 to EL1
...with ESR 0x0/0x3800000
...with SPSR 0x60000305
...with ELR 0xbf7ffa04
...to EL1 PC 0xbf800280 PSTATE 0x3c5
Exception return from AArch64 EL1 to AArch64 EL1 PC 0xbf7ffa04
Taking exception 5 [IRQ] on CPU 0
...from EL1 to EL1
...with ESR 0x0/0x3800000
...with SPSR 0x60000305
...with ELR 0xbf7ffa04
...to EL1 PC 0xbf800280 PSTATE 0x3c5
Exception return from AArch64 EL1 to AArch64 EL1 PC 0xbf7ffa04
Taking exception 5 [IRQ] on CPU 0
...from EL1 to EL1
...with ESR 0x0/0x3800000
...with SPSR 0x60000305
...with ELR 0xbf7ffa04
...to EL1 PC 0xbf800280 PSTATE 0x3c5
Exception return from AArch64 EL1 to AArch64 EL1 PC 0xbf7ffa04
Taking exception 5 [IRQ] on CPU 0
...from EL1 to EL1
...with ESR 0x0/0x3800000
...with SPSR 0x60000305
...with ELR 0xbf7ffa04
...to EL1 PC 0xbf800280 PSTATE 0x3c5
Exception return from AArch64 EL1 to AArch64 EL1 PC 0xbf7ffa04
Taking exception 5 [IRQ] on CPU 0
...from EL1 to EL1
...with ESR 0x0/0x3800000
...with SPSR 0x60000305
...with ELR 0xbf7ffa04
...to EL1 PC 0xbf800280 PSTATE 0x3c5
Exception return from AArch64 EL1 to AArch64 EL1 PC 0xbf7ffa04
Taking exception 5 [IRQ] on CPU 0
...from EL1 to EL1
...with ESR 0x0/0x3800000
...with SPSR 0x60000305
...with ELR 0xbf7ffa04
...to EL1 PC 0xbf800280 PSTATE 0x3c5
Exception return from AArch64 EL1 to AArch64 EL1 PC 0xbf7ffa04
Taking exception 5 [IRQ] on CPU 0
...from EL1 to EL1
...with ESR 0x0/0x3800000
...with SPSR 0x60000305
...with ELR 0xbf7ffa04
...to EL1 PC 0xbf800280 PSTATE 0x3c5
Exception return from AArch64 EL1 to AArch64 EL1 PC 0xbf7ffa04
Taking exception 5 [IRQ] on CPU 0
...from EL1 to EL1
...with ESR 0x0/0x3800000
...with SPSR 0x60000305
...with ELR 0xbf7ffa04
...to EL1 PC 0xbf800280 PSTATE 0x3c5
Exception return from AArch64 EL1 to AArch64 EL1 PC 0xbf7ffa04
Taking exception 5 [IRQ] on CPU 0
...from EL1 to EL1
...with ESR 0x0/0x3800000
...with SPSR 0x60000305
...with ELR 0xbf7ffa04
...to EL1 PC 0xbf800280 PSTATE 0x3c5
Exception return from AArch64 EL1 to AArch64 EL1 PC 0xbf7ffa04
Taking exception 5 [IRQ] on CPU 0
...from EL1 to EL1
...with ESR 0x0/0x3800000
...with SPSR 0x60000305
...with ELR 0xbf7ffa04
...to EL1 PC 0xbf800280 PSTATE 0x3c5
Exception return from AArch64 EL1 to AArch64 EL1 PC 0xbf7ffa04
Taking exception 5 [IRQ] on CPU 0
...from EL1 to EL1
...with ESR 0x0/0x3800000
...with SPSR 0x60000305
...with ELR 0xbf7ffa04
...to EL1 PC 0xbf800280 PSTATE 0x3c5
Exception return from AArch64 EL1 to AArch64 EL1 PC 0xbf7ffa04
Taking exception 5 [IRQ] on CPU 0
...from EL1 to EL1
...with ESR 0x0/0x3800000
...with SPSR 0x60000305
...with ELR 0xbf7ffa04
...to EL1 PC 0xbf800280 PSTATE 0x3c5
Exception return from AArch64 EL1 to AArch64 EL1 PC 0xbf7ffa04
Taking exception 5 [IRQ] on CPU 0
...from EL1 to EL1
...with ESR 0x0/0x3800000
...with SPSR 0x60000305
...with ELR 0xbf7ffa04
...to EL1 PC 0xbf800280 PSTATE 0x3c5
Exception return from AArch64 EL1 to AArch64 EL1 PC 0xbf7ffa04
Taking exception 5 [IRQ] on CPU 0
...from EL1 to EL1
...with ESR 0x0/0x3800000
...with SPSR 0x60000305
...with ELR 0xbf7ffa04
...to EL1 PC 0xbf800280 PSTATE 0x3c5
Exception return from AArch64 EL1 to AArch64 EL1 PC 0xbf7ffa04
Taking exception 5 [IRQ] on CPU 0
...from EL1 to EL1
...with ESR 0x0/0x3800000
...with SPSR 0x60000305
...with ELR 0xbf7ffa04
...to EL1 PC 0xbf800280 PSTATE 0x3c5
Exception return from AArch64 EL1 to AArch64 EL1 PC 0xbf7ffa04
Taking exception 5 [IRQ] on CPU 0
...from EL1 to EL1
...with ESR 0x0/0x3800000
...with SPSR 0x60000305
...with ELR 0xbf7ffa04
...to EL1 PC 0xbf800280 PSTATE 0x3c5
Exception return from AArch64 EL1 to AArch64 EL1 PC 0xbf7ffa04
Taking exception 5 [IRQ] on CPU 0
...from EL1 to EL1
...with ESR 0x0/0x3800000
...with SPSR 0x60000305
...with ELR 0xbf7ffa04
...to EL1 PC 0xbf800280 PSTATE 0x3c5
Exception return from AArch64 EL1 to AArch64 EL1 PC 0xbf7ffa04
Taking exception 5 [IRQ] on CPU 0
...from EL1 to EL1
...with ESR 0x0/0x3800000
...with SPSR 0x60000305
...with ELR 0xbf7ffa04
...to EL1 PC 0xbf800280 PSTATE 0x3c5
Exception return from AArch64 EL1 to AArch64 EL1 PC 0xbf7ffa04
Taking exception 5 [IRQ] on CPU 0
...from EL1 to EL1
...with ESR 0x0/0x3800000
...with SPSR 0x60000305
...with ELR 0xbf7ffa04
...to EL1 PC 0xbf800280 PSTATE 0x3c5
Exception return from AArch64 EL1 to AArch64 EL1 PC 0xbf7ffa04
Taking exception 5 [IRQ] on CPU 0
...from EL1 to EL1
...with ESR 0x0/0x3800000
...with SPSR 0x60000305
...with ELR 0xbf7ffa04
...to EL1 PC 0xbf800280 PSTATE 0x3c5
Exception return from AArch64 EL1 to AArch64 EL1 PC 0xbf7ffa04
Taking exception 5 [IRQ] on CPU 0
...from EL1 to EL1
...with ESR 0x0/0x3800000
...with SPSR 0x60000305
...with ELR 0xbf7ffa04
...to EL1 PC 0xbf800280 PSTATE 0x3c5
Exception return from AArch64 EL1 to AArch64 EL1 PC 0xbf7ffa04
Taking exception 5 [IRQ] on CPU 0
...from EL1 to EL1
...with ESR 0x0/0x3800000
...with SPSR 0x60000305
...with ELR 0xbf7ffa04
...to EL1 PC 0xbf800280 PSTATE 0x3c5
Exception return from AArch64 EL1 to AArch64 EL1 PC 0xbf7ffa04
Taking exception 5 [IRQ] on CPU 0
...from EL1 to EL1
...with ESR 0x0/0x3800000
...with SPSR 0x60000305
...with ELR 0xbf7ffa04
...to EL1 PC 0xbf800280 PSTATE 0x3c5
Exception return from AArch64 EL1 to AArch64 EL1 PC 0xbf7ffa04
Taking exception 5 [IRQ] on CPU 0
...from EL1 to EL1
...with ESR 0x0/0x3800000
...with SPSR 0x60000305
...with ELR 0xbf7ffa04
...to EL1 PC 0xbf800280 PSTATE 0x3c5
Exception return from AArch64 EL1 to AArch64 EL1 PC 0xbf7ffa04
Taking exception 5 [IRQ] on CPU 0
...from EL1 to EL1
...with ESR 0x0/0x3800000
...with SPSR 0x60000305
...with ELR 0xbf7ffa04
...to EL1 PC 0xbf800280 PSTATE 0x3c5
Exception return from AArch64 EL1 to AArch64 EL1 PC 0xbf7ffa04
Taking exception 5 [IRQ] on CPU 0
...from EL1 to EL1
...with ESR 0x0/0x3800000
...with SPSR 0x60000305
...with ELR 0xbf7ffa04
...to EL1 PC 0xbf800280 PSTATE 0x3c5
Exception return from AArch64 EL1 to AArch64 EL1 PC 0xbf7ffa04
Taking exception 5 [IRQ] on CPU 0
...from EL1 to EL1
...with ESR 0x0/0x3800000
...with SPSR 0x60000305
...with ELR 0xbf7ffa04
...to EL1 PC 0xbf800280 PSTATE 0x3c5
Exception return from AArch64 EL1 to AArch64 EL1 PC 0xbf7ffa04
Taking exception 5 [IRQ] on CPU 0
...from EL1 to EL1
...with ESR 0x0/0x3800000
...with SPSR 0x60000305
...with ELR 0xbf7ffa04
...to EL1 PC 0xbf800280 PSTATE 0x3c5
Exception return from AArch64 EL1 to AArch64 EL1 PC 0xbf7ffa04
Taking exception 5 [IRQ] on CPU 0
...from EL1 to EL1
...with ESR 0x0/0x3800000
...with SPSR 0x60000305
...with ELR 0xbf7ffa04
...to EL1 PC 0xbf800280 PSTATE 0x3c5
Exception return from AArch64 EL1 to AArch64 EL1 PC 0xbf7ffa04
Taking exception 5 [IRQ] on CPU 0
...from EL1 to EL1
...with ESR 0x0/0x3800000
...with SPSR 0x60000305
...with ELR 0xbf7ffa04
...to EL1 PC 0xbf800280 PSTATE 0x3c5
Exception return from AArch64 EL1 to AArch64 EL1 PC 0xbf7ffa04
Taking exception 5 [IRQ] on CPU 0
...from EL1 to EL1
...with ESR 0x0/0x3800000
...with SPSR 0x60000305
...with ELR 0xbf7ffa04
...to EL1 PC 0xbf800280 PSTATE 0x3c5
Exception return from AArch64 EL1 to AArch64 EL1 PC 0xbf7ffa04
Taking exception 5 [IRQ] on CPU 0
...from EL1 to EL1
...with ESR 0x0/0x3800000
...with SPSR 0x60000305
...with ELR 0xbf7ffa04
...to EL1 PC 0xbf800280 PSTATE 0x3c5
Exception return from AArch64 EL1 to AArch64 EL1 PC 0xbf7ffa04
Taking exception 5 [IRQ] on CPU 0
...from EL1 to EL1
...with ESR 0x0/0x3800000
...with SPSR 0x60000305
...with ELR 0xbf7ffa04
...to EL1 PC 0xbf800280 PSTATE 0x3c5
Exception return from AArch64 EL1 to AArch64 EL1 PC 0xbf7ffa04
Taking exception 5 [IRQ] on CPU 0
...from EL1 to EL1
...with ESR 0x0/0x3800000
...with SPSR 0x60000305
...with ELR 0xbf7ffa04
...to EL1 PC 0xbf800280 PSTATE 0x3c5
Exception return from AArch64 EL1 to AArch64 EL1 PC 0xbf7ffa04
Taking exception 5 [IRQ] on CPU 0
...from EL1 to EL1
...with ESR 0x0/0x3800000
...with SPSR 0x60000305
...with ELR 0xbf7ffa04
...to EL1 PC 0xbf800280 PSTATE 0x3c5
Exception return from AArch64 EL1 to AArch64 EL1 PC 0xbf7ffa04
Taking exception 5 [IRQ] on CPU 0
...from EL1 to EL1
...with ESR 0x0/0x3800000
...with SPSR 0x60000305
...with ELR 0xbf7ffa04
...to EL1 PC 0xbf800280 PSTATE 0x3c5
Exception return from AArch64 EL1 to AArch64 EL1 PC 0xbf7ffa04
Taking exception 5 [IRQ] on CPU 0
...from EL1 to EL1
...with ESR 0x0/0x3800000
...with SPSR 0x60000305
...with ELR 0xbf7ffa04
...to EL1 PC 0xbf800280 PSTATE 0x3c5
Exception return from AArch64 EL1 to AArch64 EL1 PC 0xbf7ffa04
Taking exception 5 [IRQ] on CPU 0
...from EL1 to EL1
...with ESR 0x0/0x3800000
...with SPSR 0x60000305
...with ELR 0xbf7ffa04
...to EL1 PC 0xbf800280 PSTATE 0x3c5
Exception return from AArch64 EL1 to AArch64 EL1 PC 0xbf7ffa04
Taking exception 5 [IRQ] on CPU 0
...from EL1 to EL1
...with ESR 0x0/0x3800000
...with SPSR 0x60000305
...with ELR 0xbf7ffa04
...to EL1 PC 0xbf800280 PSTATE 0x3c5
Exception return from AArch64 EL1 to AArch64 EL1 PC 0xbf7ffa04
Taking exception 5 [IRQ] on CPU 0
...from EL1 to EL1
...with ESR 0x0/0x3800000
...with SPSR 0x60000305
...with ELR 0xbf7ffa04
...to EL1 PC 0xbf800280 PSTATE 0x3c5
Exception return from AArch64 EL1 to AArch64 EL1 PC 0xbf7ffa04
Taking exception 5 [IRQ] on CPU 0
...from EL1 to EL1
...with ESR 0x0/0x3800000
...with SPSR 0x60000305
...with ELR 0xbf7ffa04
...to EL1 PC 0xbf800280 PSTATE 0x3c5
Exception return from AArch64 EL1 to AArch64 EL1 PC 0xbf7ffa04
Taking exception 5 [IRQ] on CPU 0
...from EL1 to EL1
...with ESR 0x0/0x3800000
...with SPSR 0x60000305
...with ELR 0xbf7ffa04
...to EL1 PC 0xbf800280 PSTATE 0x3c5
Exception return from AArch64 EL1 to AArch64 EL1 PC 0xbf7ffa04
Taking exception 5 [IRQ] on CPU 0
...from EL1 to EL1
...with ESR 0x0/0x3800000
...with SPSR 0x60000305
...with ELR 0xbf7ffa04
...to EL1 PC 0xbf800280 PSTATE 0x3c5
Exception return from AArch64 EL1 to AArch64 EL1 PC 0xbf7ffa04
Taking exception 5 [IRQ] on CPU 0
...from EL1 to EL1
...with ESR 0x0/0x3800000
...with SPSR 0x60000305
...with ELR 0xbf7ffa04
...to EL1 PC 0xbf800280 PSTATE 0x3c5
Exception return from AArch64 EL1 to AArch64 EL1 PC 0xbf7ffa04
Taking exception 5 [IRQ] on CPU 0
...from EL1 to EL1
...with ESR 0x0/0x3800000
...with SPSR 0x60000305
...with ELR 0xbf7ffa04
...to EL1 PC 0xbf800280 PSTATE 0x3c5
Exception return from AArch64 EL1 to AArch64 EL1 PC 0xbf7ffa04
Taking exception 5 [IRQ] on CPU 0
...from EL1 to EL1
...with ESR 0x0/0x3800000
...with SPSR 0x60000305
...with ELR 0xbf7ffa04
...to EL1 PC 0xbf800280 PSTATE 0x3c5
Exception return from AArch64 EL1 to AArch64 EL1 PC 0xbf7ffa04
Taking exception 5 [IRQ] on CPU 0
...from EL1 to EL1
...with ESR 0x0/0x3800000
...with SPSR 0x60000305
...with ELR 0xbf7ffa04
...to EL1 PC 0xbf800280 PSTATE 0x3c5
Exception return from AArch64 EL1 to AArch64 EL1 PC 0xbf7ffa04
Taking exception 5 [IRQ] on CPU 0
...from EL1 to EL1
...with ESR 0x0/0x3800000
...with SPSR 0x60000305
...with ELR 0xbf7ffa04
...to EL1 PC 0xbf800280 PSTATE 0x3c5
Exception return from AArch64 EL1 to AArch64 EL1 PC 0xbf7ffa04
Taking exception 5 [IRQ] on CPU 0
...from EL1 to EL1
...with ESR 0x0/0x3800000
...with SPSR 0x60000305
...with ELR 0xbf7ffa04
...to EL1 PC 0xbf800280 PSTATE 0x3c5
Exception return from AArch64 EL1 to AArch64 EL1 PC 0xbf7ffa04
Taking exception 5 [IRQ] on CPU 0
...from EL1 to EL1
...with ESR 0x0/0x3800000
...with SPSR 0x60000305
...with ELR 0xbf7ffa04
...to EL1 PC 0xbf800280 PSTATE 0x3c5
Exception return from AArch64 EL1 to AArch64 EL1 PC 0xbf7ffa04
Taking exception 5 [IRQ] on CPU 0
...from EL1 to EL1
...with ESR 0x0/0x3800000
...with SPSR 0x60000305
...with ELR 0xbf7ffa04
...to EL1 PC 0xbf800280 PSTATE 0x3c5
Exception return from AArch64 EL1 to AArch64 EL1 PC 0xbf7ffa04
Taking exception 5 [IRQ] on CPU 0
...from EL1 to EL1
...with ESR 0x0/0x3800000
...with SPSR 0x60000305
...with ELR 0xbf7ffa04
...to EL1 PC 0xbf800280 PSTATE 0x3c5
Exception return from AArch64 EL1 to AArch64 EL1 PC 0xbf7ffa04
Taking exception 5 [IRQ] on CPU 0
...from EL1 to EL1
...with ESR 0x0/0x3800000
...with SPSR 0x60000305
...with ELR 0xbf7ffa04
...to EL1 PC 0xbf800280 PSTATE 0x3c5
Exception return from AArch64 EL1 to AArch64 EL1 PC 0xbf7ffa04
Taking exception 5 [IRQ] on CPU 0
...from EL1 to EL1
...with ESR 0x0/0x3800000
...with SPSR 0x60000305
...with ELR 0xbf7ffa04
...to EL1 PC 0xbf800280 PSTATE 0x3c5
Exception return from AArch64 EL1 to AArch64 EL1 PC 0xbf7ffa04
Taking exception 5 [IRQ] on CPU 0
...from EL1 to EL1
...with ESR 0x0/0x3800000
...with SPSR 0x60000305
...with ELR 0xbf7ffa04
...to EL1 PC 0xbf800280 PSTATE 0x3c5
Exception return from AArch64 EL1 to AArch64 EL1 PC 0xbf7ffa04
Taking exception 5 [IRQ] on CPU 0
...from EL1 to EL1
...with ESR 0x0/0x3800000
...with SPSR 0x60000305
...with ELR 0xbf7ffa04
...to EL1 PC 0xbf800280 PSTATE 0x3c5
Exception return from AArch64 EL1 to AArch64 EL1 PC 0xbf7ffa04
Taking exception 5 [IRQ] on CPU 0
...from EL1 to EL1
...with ESR 0x0/0x3800000
...with SPSR 0x60000305
...with ELR 0xbf7ffa04
...to EL1 PC 0xbf800280 PSTATE 0x3c5
Exception return from AArch64 EL1 to AArch64 EL1 PC 0xbf7ffa04
Taking exception 5 [IRQ] on CPU 0
...from EL1 to EL1
...with ESR 0x0/0x3800000
...with SPSR 0x60000305
...with ELR 0xbf7ffa04
...to EL1 PC 0xbf800280 PSTATE 0x3c5
Exception return from AArch64 EL1 to AArch64 EL1 PC 0xbf7ffa04
Taking exception 5 [IRQ] on CPU 0
...from EL1 to EL1
...with ESR 0x0/0x3800000
...with SPSR 0x60000305
...with ELR 0xbf7ffa04
...to EL1 PC 0xbf800280 PSTATE 0x3c5
Exception return from AArch64 EL1 to AArch64 EL1 PC 0xbf7ffa04
Taking exception 5 [IRQ] on CPU 0
...from EL1 to EL1
...with ESR 0x0/0x3800000
...with SPSR 0x60000305
...with ELR 0xbf7ffa04
...to EL1 PC 0xbf800280 PSTATE 0x3c5
Exception return from AArch64 EL1 to AArch64 EL1 PC 0xbf7ffa04
Taking exception 5 [IRQ] on CPU 0
...from EL1 to EL1
...with ESR 0x0/0x3800000
...with SPSR 0x60000305
...with ELR 0xbf7ffa04
...to EL1 PC 0xbf800280 PSTATE 0x3c5
Exception return from AArch64 EL1 to AArch64 EL1 PC 0xbf7ffa04
Taking exception 5 [IRQ] on CPU 0
...from EL1 to EL1
...with ESR 0x0/0x3800000
...with SPSR 0x60000305
...with ELR 0xbf7ffa04
...to EL1 PC 0xbf800280 PSTATE 0x3c5
Exception return from AArch64 EL1 to AArch64 EL1 PC 0xbf7ffa04
Taking exception 5 [IRQ] on CPU 0
...from EL1 to EL1
...with ESR 0x0/0x3800000
...with SPSR 0x60000305
...with ELR 0xbf7ffa04
...to EL1 PC 0xbf800280 PSTATE 0x3c5
Exception return from AArch64 EL1 to AArch64 EL1 PC 0xbf7ffa04
Taking exception 5 [IRQ] on CPU 0
...from EL1 to EL1
...with ESR 0x0/0x3800000
...with SPSR 0x60000305
...with ELR 0xbf7ffa04
...to EL1 PC 0xbf800280 PSTATE 0x3c5
Exception return from AArch64 EL1 to AArch64 EL1 PC 0xbf7ffa04
Taking exception 5 [IRQ] on CPU 0
...from EL1 to EL1
...with ESR 0x0/0x3800000
...with SPSR 0x60000305
...with ELR 0xbf7ffa04
...to EL1 PC 0xbf800280 PSTATE 0x3c5
Exception return from AArch64 EL1 to AArch64 EL1 PC 0xbf7ffa04
Taking exception 5 [IRQ] on CPU 0
...from EL1 to EL1
...with ESR 0x0/0x3800000
...with SPSR 0x60000305
...with ELR 0xbf7ffa04
...to EL1 PC 0xbf800280 PSTATE 0x3c5
Exception return from AArch64 EL1 to AArch64 EL1 PC 0xbf7ffa04
Taking exception 5 [IRQ] on CPU 0
...from EL1 to EL1
...with ESR 0x0/0x3800000
...with SPSR 0x60000305
...with ELR 0xbf7ffa04
...to EL1 PC 0xbf800280 PSTATE 0x3c5
Exception return from AArch64 EL1 to AArch64 EL1 PC 0xbf7ffa04
Taking exception 5 [IRQ] on CPU 0
...from EL1 to EL1
...with ESR 0x0/0x3800000
...with SPSR 0x60000305
...with ELR 0xbf7ffa04
...to EL1 PC 0xbf800280 PSTATE 0x3c5
Exception return from AArch64 EL1 to AArch64 EL1 PC 0xbf7ffa04
Taking exception 5 [IRQ] on CPU 0
...from EL1 to EL1
...with ESR 0x0/0x3800000
...with SPSR 0x60000305
...with ELR 0xbf7ffa04
...to EL1 PC 0xbf800280 PSTATE 0x3c5
Exception return from AArch64 EL1 to AArch64 EL1 PC 0xbf7ffa04
Taking exception 5 [IRQ] on CPU 0
...from EL1 to EL1
...with ESR 0x0/0x3800000
...with SPSR 0x60000305
...with ELR 0xbf7ffa04
...to EL1 PC 0xbf800280 PSTATE 0x3c5
Exception return from AArch64 EL1 to AArch64 EL1 PC 0xbf7ffa04
Taking exception 5 [IRQ] on CPU 0
...from EL1 to EL1
...with ESR 0x0/0x3800000
...with SPSR 0x60000305
...with ELR 0xbf7ffa04
...to EL1 PC 0xbf800280 PSTATE 0x3c5
Exception return from AArch64 EL1 to AArch64 EL1 PC 0xbf7ffa04
Taking exception 5 [IRQ] on CPU 0
...from EL1 to EL1
...with ESR 0x0/0x3800000
...with SPSR 0x60000305
...with ELR 0xbf7ffa04
...to EL1 PC 0xbf800280 PSTATE 0x3c5
Exception return from AArch64 EL1 to AArch64 EL1 PC 0xbf7ffa04
Taking exception 5 [IRQ] on CPU 0
...from EL1 to EL1
...with ESR 0x0/0x3800000
...with SPSR 0x60000305
...with ELR 0xbf7ffa04
...to EL1 PC 0xbf800280 PSTATE 0x3c5
Exception return from AArch64 EL1 to AArch64 EL1 PC 0xbf7ffa04
Taking exception 5 [IRQ] on CPU 0
...from EL1 to EL1
...with ESR 0x0/0x3800000
...with SPSR 0x60000305
...with ELR 0xbf7ffa04
...to EL1 PC 0xbf800280 PSTATE 0x3c5
Exception return from AArch64 EL1 to AArch64 EL1 PC 0xbf7ffa04
Taking exception 5 [IRQ] on CPU 0
...from EL1 to EL1
...with ESR 0x0/0x3800000
...with SPSR 0x60000305
...with ELR 0xbf7ffa04
...to EL1 PC 0xbf800280 PSTATE 0x3c5
Exception return from AArch64 EL1 to AArch64 EL1 PC 0xbf7ffa04
Taking exception 5 [IRQ] on CPU 0
...from EL1 to EL1
...with ESR 0x0/0x3800000
...with SPSR 0x60000305
...with ELR 0xbf7ffa04
...to EL1 PC 0xbf800280 PSTATE 0x3c5
Exception return from AArch64 EL1 to AArch64 EL1 PC 0xbf7ffa04
Taking exception 5 [IRQ] on CPU 0
...from EL1 to EL1
...with ESR 0x0/0x3800000
...with SPSR 0x60000305
...with ELR 0xbf7ffa04
...to EL1 PC 0xbf800280 PSTATE 0x3c5
Exception return from AArch64 EL1 to AArch64 EL1 PC 0xbf7ffa04
Taking exception 5 [IRQ] on CPU 0
...from EL1 to EL1
...with ESR 0x0/0x3800000
...with SPSR 0x60000305
...with ELR 0xbf7ffa04
...to EL1 PC 0xbf800280 PSTATE 0x3c5
Exception return from AArch64 EL1 to AArch64 EL1 PC 0xbf7ffa04
Taking exception 5 [IRQ] on CPU 0
...from EL1 to EL1
...with ESR 0x0/0x3800000
...with SPSR 0x60000305
...with ELR 0xbf7ffa04
...to EL1 PC 0xbf800280 PSTATE 0x3c5
Exception return from AArch64 EL1 to AArch64 EL1 PC 0xbf7ffa04
Taking exception 5 [IRQ] on CPU 0
...from EL1 to EL1
...with ESR 0x0/0x3800000
...with SPSR 0x60000305
...with ELR 0xbf7ffa04
...to EL1 PC 0xbf800280 PSTATE 0x3c5
Exception return from AArch64 EL1 to AArch64 EL1 PC 0xbf7ffa04
Taking exception 5 [IRQ] on CPU 0
...from EL1 to EL1
...with ESR 0x0/0x3800000
...with SPSR 0x60000305
...with ELR 0xbf7ffa04
...to EL1 PC 0xbf800280 PSTATE 0x3c5
Exception return from AArch64 EL1 to AArch64 EL1 PC 0xbf7ffa04
Taking exception 5 [IRQ] on CPU 0
...from EL1 to EL1
...with ESR 0x0/0x3800000
...with SPSR 0x60000305
...with ELR 0xbf7ffa04
...to EL1 PC 0xbf800280 PSTATE 0x3c5
Exception return from AArch64 EL1 to AArch64 EL1 PC 0xbf7ffa04
Taking exception 5 [IRQ] on CPU 0
...from EL1 to EL1
...with ESR 0x0/0x3800000
...with SPSR 0x60000305
...with ELR 0xbf7ffa04
...to EL1 PC 0xbf800280 PSTATE 0x3c5
Exception return from AArch64 EL1 to AArch64 EL1 PC 0xbf7ffa04
Taking exception 5 [IRQ] on CPU 0
...from EL1 to EL1
...with ESR 0x0/0x3800000
...with SPSR 0x60000305
...with ELR 0xbf7ffa04
...to EL1 PC 0xbf800280 PSTATE 0x3c5
Exception return from AArch64 EL1 to AArch64 EL1 PC 0xbf7ffa04
Taking exception 5 [IRQ] on CPU 0
...from EL1 to EL1
...with ESR 0x0/0x3800000
...with SPSR 0x60000305
...with ELR 0xbf7ffa04
...to EL1 PC 0xbf800280 PSTATE 0x3c5
Exception return from AArch64 EL1 to AArch64 EL1 PC 0xbf7ffa04
Taking exception 5 [IRQ] on CPU 0
...from EL1 to EL1
...with ESR 0x0/0x3800000
...with SPSR 0x60000305
...with ELR 0xbf7ffa04
...to EL1 PC 0xbf800280 PSTATE 0x3c5
Exception return from AArch64 EL1 to AArch64 EL1 PC 0xbf7ffa04
Taking exception 5 [IRQ] on CPU 0
...from EL1 to EL1
...with ESR 0x0/0x3800000
...with SPSR 0x60000305
...with ELR 0xbf7ffa04
...to EL1 PC 0xbf800280 PSTATE 0x3c5
Exception return from AArch64 EL1 to AArch64 EL1 PC 0xbf7ffa04
Taking exception 5 [IRQ] on CPU 0
...from EL1 to EL1
...with ESR 0x0/0x3800000
...with SPSR 0x60000305
...with ELR 0xbf7ffa04
...to EL1 PC 0xbf800280 PSTATE 0x3c5
Exception return from AArch64 EL1 to AArch64 EL1 PC 0xbf7ffa04
Taking exception 5 [IRQ] on CPU 0
...from EL1 to EL1
...with ESR 0x0/0x3800000
...with SPSR 0x60000305
...with ELR 0xbf7ffa04
...to EL1 PC 0xbf800280 PSTATE 0x3c5
Exception return from AArch64 EL1 to AArch64 EL1 PC 0xbf7ffa04
Taking exception 5 [IRQ] on CPU 0
...from EL1 to EL1
...with ESR 0x0/0x3800000
...with SPSR 0x60000305
...with ELR 0xbf7ffa04
...to EL1 PC 0xbf800280 PSTATE 0x3c5
Exception return from AArch64 EL1 to AArch64 EL1 PC 0xbf7ffa04
Taking exception 5 [IRQ] on CPU 0
...from EL1 to EL1
...with ESR 0x0/0x3800000
...with SPSR 0x60000305
...with ELR 0xbf7ffa04
...to EL1 PC 0xbf800280 PSTATE 0x3c5
Exception return from AArch64 EL1 to AArch64 EL1 PC 0xbf7ffa04
Taking exception 5 [IRQ] on CPU 0
...from EL1 to EL1
...with ESR 0x0/0x3800000
...with SPSR 0x60000305
...with ELR 0xbf7ffa04
...to EL1 PC 0xbf800280 PSTATE 0x3c5
Exception return from AArch64 EL1 to AArch64 EL1 PC 0xbf7ffa04
Taking exception 5 [IRQ] on CPU 0
...from EL1 to EL1
...with ESR 0x0/0x3800000
...with SPSR 0x60000305
...with ELR 0xbf7ffa04
...to EL1 PC 0xbf800280 PSTATE 0x3c5
Exception return from AArch64 EL1 to AArch64 EL1 PC 0xbf7ffa04
Taking exception 5 [IRQ] on CPU 0
...from EL1 to EL1
...with ESR 0x0/0x3800000
...with SPSR 0x60000305
...with ELR 0xbf7ffa04
...to EL1 PC 0xbf800280 PSTATE 0x3c5
Exception return from AArch64 EL1 to AArch64 EL1 PC 0xbf7ffa04
Taking exception 5 [IRQ] on CPU 0
...from EL1 to EL1
...with ESR 0x0/0x3800000
...with SPSR 0x60000305
...with ELR 0xbf7ffa04
...to EL1 PC 0xbf800280 PSTATE 0x3c5
Exception return from AArch64 EL1 to AArch64 EL1 PC 0xbf7ffa04
Taking exception 5 [IRQ] on CPU 0
...from EL1 to EL1
...with ESR 0x0/0x3800000
...with SPSR 0x60000305
...with ELR 0xbf7ffa04
...to EL1 PC 0xbf800280 PSTATE 0x3c5
Exception return from AArch64 EL1 to AArch64 EL1 PC 0xbf7ffa04
Taking exception 5 [IRQ] on CPU 0
...from EL1 to EL1
...with ESR 0x0/0x3800000
...with SPSR 0x60000305
...with ELR 0xbf7ffa04
...to EL1 PC 0xbf800280 PSTATE 0x3c5
Exception return from AArch64 EL1 to AArch64 EL1 PC 0xbf7ffa04
Taking exception 5 [IRQ] on CPU 0
...from EL1 to EL1
...with ESR 0x0/0x3800000
...with SPSR 0x60000305
...with ELR 0xbf7ffa04
...to EL1 PC 0xbf800280 PSTATE 0x3c5
Exception return from AArch64 EL1 to AArch64 EL1 PC 0xbf7ffa04
Taking exception 5 [IRQ] on CPU 0
...from EL1 to EL1
...with ESR 0x0/0x3800000
...with SPSR 0x60000305
...with ELR 0xbf7ffa04
...to EL1 PC 0xbf800280 PSTATE 0x3c5
Exception return from AArch64 EL1 to AArch64 EL1 PC 0xbf7ffa04
Taking exception 5 [IRQ] on CPU 0
...from EL1 to EL1
...with ESR 0x0/0x3800000
...with SPSR 0x60000305
...with ELR 0xbf7ffa04
...to EL1 PC 0xbf800280 PSTATE 0x3c5
Exception return from AArch64 EL1 to AArch64 EL1 PC 0xbf7ffa04
Taking exception 5 [IRQ] on CPU 0
...from EL1 to EL1
...with ESR 0x0/0x3800000
...with SPSR 0x60000305
...with ELR 0xbf7ffa04
...to EL1 PC 0xbf800280 PSTATE 0x3c5
Exception return from AArch64 EL1 to AArch64 EL1 PC 0xbf7ffa04
Taking exception 5 [IRQ] on CPU 0
...from EL1 to EL1
...with ESR 0x0/0x3800000
...with SPSR 0x60000305
...with ELR 0xbf7ffa04
...to EL1 PC 0xbf800280 PSTATE 0x3c5
Exception return from AArch64 EL1 to AArch64 EL1 PC 0xbf7ffa04
Taking exception 5 [IRQ] on CPU 0
...from EL1 to EL1
...with ESR 0x0/0x3800000
...with SPSR 0x60000305
...with ELR 0xbf7ffa04
...to EL1 PC 0xbf800280 PSTATE 0x3c5
Exception return from AArch64 EL1 to AArch64 EL1 PC 0xbf7ffa04
Taking exception 5 [IRQ] on CPU 0
...from EL1 to EL1
...with ESR 0x0/0x3800000
...with SPSR 0x60000305
...with ELR 0xbf7ffa04
...to EL1 PC 0xbf800280 PSTATE 0x3c5
Exception return from AArch64 EL1 to AArch64 EL1 PC 0xbf7ffa04
Taking exception 5 [IRQ] on CPU 0
...from EL1 to EL1
...with ESR 0x0/0x3800000
...with SPSR 0x60000305
...with ELR 0xbf7ffa04
...to EL1 PC 0xbf800280 PSTATE 0x3c5
Exception return from AArch64 EL1 to AArch64 EL1 PC 0xbf7ffa04
Taking exception 5 [IRQ] on CPU 0
...from EL1 to EL1
...with ESR 0x0/0x3800000
...with SPSR 0x60000305
...with ELR 0xbf7ffa04
...to EL1 PC 0xbf800280 PSTATE 0x3c5
Exception return from AArch64 EL1 to AArch64 EL1 PC 0xbf7ffa04
Taking exception 5 [IRQ] on CPU 0
...from EL1 to EL1
...with ESR 0x0/0x3800000
...with SPSR 0x60000305
...with ELR 0xbf7ffa04
...to EL1 PC 0xbf800280 PSTATE 0x3c5
Exception return from AArch64 EL1 to AArch64 EL1 PC 0xbf7ffa04
Taking exception 5 [IRQ] on CPU 0
...from EL1 to EL1
...with ESR 0x0/0x3800000
...with SPSR 0x60000305
...with ELR 0xbf7ffa04
...to EL1 PC 0xbf800280 PSTATE 0x3c5
Exception return from AArch64 EL1 to AArch64 EL1 PC 0xbf7ffa04
Taking exception 5 [IRQ] on CPU 0
...from EL1 to EL1
...with ESR 0x0/0x3800000
...with SPSR 0x60000305
...with ELR 0xbf7ffa04
...to EL1 PC 0xbf800280 PSTATE 0x3c5
Exception return from AArch64 EL1 to AArch64 EL1 PC 0xbf7ffa04
Taking exception 5 [IRQ] on CPU 0
...from EL1 to EL1
...with ESR 0x0/0x3800000
...with SPSR 0x60000305
...with ELR 0xbf7ffa04
...to EL1 PC 0xbf800280 PSTATE 0x3c5
Exception return from AArch64 EL1 to AArch64 EL1 PC 0xbf7ffa04
Taking exception 5 [IRQ] on CPU 0
...from EL1 to EL1
...with ESR 0x0/0x3800000
...with SPSR 0x60000305
...with ELR 0xbf7ffa04
...to EL1 PC 0xbf800280 PSTATE 0x3c5
Exception return from AArch64 EL1 to AArch64 EL1 PC 0xbf7ffa04
Taking exception 5 [IRQ] on CPU 0
...from EL1 to EL1
...with ESR 0x0/0x3800000
...with SPSR 0x60000305
...with ELR 0xbf7ffa04
...to EL1 PC 0xbf800280 PSTATE 0x3c5
Exception return from AArch64 EL1 to AArch64 EL1 PC 0xbf7ffa04
Taking exception 5 [IRQ] on CPU 0
...from EL1 to EL1
...with ESR 0x0/0x3800000
...with SPSR 0x60000305
...with ELR 0xbf7ffa04
...to EL1 PC 0xbf800280 PSTATE 0x3c5
Exception return from AArch64 EL1 to AArch64 EL1 PC 0xbf7ffa04
Taking exception 5 [IRQ] on CPU 0
...from EL1 to EL1
...with ESR 0x0/0x3800000
...with SPSR 0x60000305
...with ELR 0xbf7ffa04
...to EL1 PC 0xbf800280 PSTATE 0x3c5
Exception return from AArch64 EL1 to AArch64 EL1 PC 0xbf7ffa04
Taking exception 5 [IRQ] on CPU 0
...from EL1 to EL1
...with ESR 0x0/0x3800000
...with SPSR 0x60000305
...with ELR 0xbf7ffa04
...to EL1 PC 0xbf800280 PSTATE 0x3c5
Exception return from AArch64 EL1 to AArch64 EL1 PC 0xbf7ffa04
Taking exception 5 [IRQ] on CPU 0
...from EL1 to EL1
...with ESR 0x0/0x3800000
...with SPSR 0x60000305
...with ELR 0xbf7ffa04
...to EL1 PC 0xbf800280 PSTATE 0x3c5
Exception return from AArch64 EL1 to AArch64 EL1 PC 0xbf7ffa04
Taking exception 5 [IRQ] on CPU 0
...from EL1 to EL1
...with ESR 0x0/0x3800000
...with SPSR 0x60000305
...with ELR 0xbf7ffa04
...to EL1 PC 0xbf800280 PSTATE 0x3c5
Exception return from AArch64 EL1 to AArch64 EL1 PC 0xbf7ffa04
Taking exception 5 [IRQ] on CPU 0
...from EL1 to EL1
...with ESR 0x0/0x3800000
...with SPSR 0x60000305
...with ELR 0xbf7ffa04
...to EL1 PC 0xbf800280 PSTATE 0x3c5
Exception return from AArch64 EL1 to AArch64 EL1 PC 0xbf7ffa04
Taking exception 5 [IRQ] on CPU 0
...from EL1 to EL1
...with ESR 0x0/0x3800000
...with SPSR 0x60000305
...with ELR 0xbf7ffa04
...to EL1 PC 0xbf800280 PSTATE 0x3c5
Exception return from AArch64 EL1 to AArch64 EL1 PC 0xbf7ffa04
Taking exception 5 [IRQ] on CPU 0
...from EL1 to EL1
...with ESR 0x0/0x3800000
...with SPSR 0x60000305
...with ELR 0xbf7ffa04
...to EL1 PC 0xbf800280 PSTATE 0x3c5
Exception return from AArch64 EL1 to AArch64 EL1 PC 0xbf7ffa04
Taking exception 5 [IRQ] on CPU 0
...from EL1 to EL1
...with ESR 0x0/0x3800000
...with SPSR 0x60000305
...with ELR 0xbf7ffa04
...to EL1 PC 0xbf800280 PSTATE 0x3c5
Exception return from AArch64 EL1 to AArch64 EL1 PC 0xbf7ffa04
Taking exception 5 [IRQ] on CPU 0
...from EL1 to EL1
...with ESR 0x0/0x3800000
...with SPSR 0x60000305
...with ELR 0xbf7ffa04
...to EL1 PC 0xbf800280 PSTATE 0x3c5
Exception return from AArch64 EL1 to AArch64 EL1 PC 0xbf7ffa04
Taking exception 5 [IRQ] on CPU 0
...from EL1 to EL1
...with ESR 0x0/0x3800000
...with SPSR 0x60000305
...with ELR 0xbf7ffa04
...to EL1 PC 0xbf800280 PSTATE 0x3c5
Exception return from AArch64 EL1 to AArch64 EL1 PC 0xbf7ffa04
Taking exception 5 [IRQ] on CPU 0
...from EL1 to EL1
...with ESR 0x0/0x3810000
...with SPSR 0x20000305
...with ELR 0xbed00c48
...to EL1 PC 0xbf800280 PSTATE 0x3c5
Exception return from AArch64 EL1 to AArch64 EL1 PC 0xbed00c48
Taking exception 5 [IRQ] on CPU 0
...from EL1 to EL1
...with ESR 0x0/0x3410000
...with SPSR 0x80000305
...with ELR 0xbf80b124
...to EL1 PC 0xbf800280 PSTATE 0x3c5
Exception return from AArch64 EL1 to AArch64 EL1 PC 0xbf80b124
Taking exception 5 [IRQ] on CPU 0
...from EL1 to EL1
...with ESR 0x0/0x3410000
...with SPSR 0x20000305
...with ELR 0xbecf1a58
...to EL1 PC 0xbf800280 PSTATE 0x3c5
Exception return from AArch64 EL1 to AArch64 EL1 PC 0xbecf1a58
Taking exception 5 [IRQ] on CPU 0
...from EL1 to EL1
...with ESR 0x0/0x3410000
...with SPSR 0x20000305
...with ELR 0x47954340
...to EL1 PC 0xbf800280 PSTATE 0x3c5
Exception return from AArch64 EL1 to AArch64 EL1 PC 0x47954340
Taking exception 3 [Prefetch Abort] on CPU 0
...from EL1 to EL1
...with ESR 0x21/0x86000004
...with FAR 0xbed15838
...with SPSR 0x800003c4
...with ELR 0xbed15838
...to EL1 PC 0xffff0000bed16000 PSTATE 0x3c5
Exception return from AArch64 EL1 to AArch64 EL1 PC 0xffffffff80001b60
